Component: ARM Compiler 5.06 update 7 (build 960) Tool: armlink [4d3601]

==============================================================================

Section Cross References

    main.o(i.BottomIR) refers to gpio.o(i.GPIOIntClear) for GPIOIntClear
    main.o(i.BottomIR) refers to gpio.o(i.GPIOIntDisable) for GPIOIntDisable
    main.o(i.BottomIR) refers to sysctl.o(.emb_text) for SysCtlDelay
    main.o(i.BottomIR) refers to main.o(.data) for lowerIR
    main.o(i.PartTimeUp) refers to main.o(i.stepLeft) for stepLeft
    main.o(i.PartTimeUp) refers to sysctl.o(.emb_text) for SysCtlDelay
    main.o(i.PartTimeUp) refers to main.o(i.stepDown) for stepDown
    main.o(i.PartTimeUp) refers to main.o(i.closeGripper) for closeGripper
    main.o(i.PartTimeUp) refers to main.o(i.stepUp) for stepUp
    main.o(i.PartTimeUp) refers to main.o(i.stepRight) for stepRight
    main.o(i.PartTimeUp) refers to main.o(i.stopDisssemblyConveyer) for stopDisssemblyConveyer
    main.o(i.PartTimeUp) refers to main.o(i.openGripper) for openGripper
    main.o(i.PartTimeUp) refers to main.o(i.startDisassemblyConveyer) for startDisassemblyConveyer
    main.o(i.PartTimeUp) refers to main.o(.data) for ShortDone
    main.o(i.ShortPartDone) refers to timer.o(i.TimerIntStatus) for TimerIntStatus
    main.o(i.ShortPartDone) refers to timer.o(i.TimerIntClear) for TimerIntClear
    main.o(i.ShortPartDone) refers to timer.o(i.TimerDisable) for TimerDisable
    main.o(i.ShortPartDone) refers to main.o(.data) for ShortDone
    main.o(i.StartHorizontalMotor) refers to sysctl.o(i.SysCtlClockGet) for SysCtlClockGet
    main.o(i.StartHorizontalMotor) refers to pwm.o(i.PWMGenConfigure) for PWMGenConfigure
    main.o(i.StartHorizontalMotor) refers to pwm.o(i.PWMGenPeriodSet) for PWMGenPeriodSet
    main.o(i.StartVerticalMotor) refers to sysctl.o(i.SysCtlClockGet) for SysCtlClockGet
    main.o(i.StartVerticalMotor) refers to pwm.o(i.PWMGenConfigure) for PWMGenConfigure
    main.o(i.StartVerticalMotor) refers to pwm.o(i.PWMGenPeriodSet) for PWMGenPeriodSet
    main.o(i.StoringDecision) refers to main.o(i.stopAssemblyConveyer) for stopAssemblyConveyer
    main.o(i.StoringDecision) refers to main.o(i.storingTall) for storingTall
    main.o(i.StoringDecision) refers to gpio.o(i.GPIOIntEnable) for GPIOIntEnable
    main.o(i.StoringDecision) refers to main.o(i.storingShort) for storingShort
    main.o(i.StoringDecision) refers to main.o(.data) for upperIR
    main.o(i.TallPartDone) refers to timer.o(i.TimerIntStatus) for TimerIntStatus
    main.o(i.TallPartDone) refers to timer.o(i.TimerIntClear) for TimerIntClear
    main.o(i.TallPartDone) refers to timer.o(i.TimerDisable) for TimerDisable
    main.o(i.TallPartDone) refers to main.o(.data) for TallDone
    main.o(i.Timer2Begin) refers to sysctl.o(i.SysCtlPeripheralEnable) for SysCtlPeripheralEnable
    main.o(i.Timer2Begin) refers to sysctl.o(.emb_text) for SysCtlDelay
    main.o(i.Timer2Begin) refers to timer.o(i.TimerConfigure) for TimerConfigure
    main.o(i.Timer2Begin) refers to timer.o(i.TimerLoadSet) for TimerLoadSet
    main.o(i.Timer2Begin) refers to timer.o(i.TimerIntRegister) for TimerIntRegister
    main.o(i.Timer2Begin) refers to timer.o(i.TimerIntEnable) for TimerIntEnable
    main.o(i.Timer2Begin) refers to timer.o(i.TimerEnable) for TimerEnable
    main.o(i.Timer2Begin) refers to main.o(i.ShortPartDone) for ShortPartDone
    main.o(i.TimerBegin) refers to sysctl.o(i.SysCtlPeripheralEnable) for SysCtlPeripheralEnable
    main.o(i.TimerBegin) refers to sysctl.o(.emb_text) for SysCtlDelay
    main.o(i.TimerBegin) refers to timer.o(i.TimerConfigure) for TimerConfigure
    main.o(i.TimerBegin) refers to timer.o(i.TimerLoadSet) for TimerLoadSet
    main.o(i.TimerBegin) refers to timer.o(i.TimerIntRegister) for TimerIntRegister
    main.o(i.TimerBegin) refers to timer.o(i.TimerIntEnable) for TimerIntEnable
    main.o(i.TimerBegin) refers to timer.o(i.TimerEnable) for TimerEnable
    main.o(i.TimerBegin) refers to main.o(i.TallPartDone) for TallPartDone
    main.o(i.TopIR) refers to gpio.o(i.GPIOIntClear) for GPIOIntClear
    main.o(i.TopIR) refers to gpio.o(i.GPIOIntDisable) for GPIOIntDisable
    main.o(i.TopIR) refers to sysctl.o(.emb_text) for SysCtlDelay
    main.o(i.TopIR) refers to main.o(.data) for upperIR
    main.o(i.closeGripper) refers to main.o(i.I2CSend) for I2CSend
    main.o(i.initClock) refers to sysctl.o(i.SysCtlClockSet) for SysCtlClockSet
    main.o(i.initGPIOD) refers to sysctl.o(i.SysCtlPeripheralEnable) for SysCtlPeripheralEnable
    main.o(i.initGPIOD) refers to gpio.o(i.GPIOPinTypeGPIOInput) for GPIOPinTypeGPIOInput
    main.o(i.initGPIOD) refers to gpio.o(i.GPIOPadConfigSet) for GPIOPadConfigSet
    main.o(i.initGPIOD) refers to gpio.o(i.GPIOIntEnable) for GPIOIntEnable
    main.o(i.initGPIOD) refers to gpio.o(i.GPIOIntTypeSet) for GPIOIntTypeSet
    main.o(i.initGPIOD) refers to interrupt.o(i.IntPrioritySet) for IntPrioritySet
[...]
    libinit.o(.ARM.Collect$$libinit$$00000000) refers (Special) to libinit2.o(.ARM.Collect$$libinit$$00000015) for __rt_lib_init_lc_monetary_1
    libinit.o(.ARM.Collect$$libinit$$00000000) refers (Special) to libinit2.o(.ARM.Collect$$libinit$$00000017) for __rt_lib_init_lc_numeric_1
    libinit.o(.ARM.Collect$$libinit$$00000000) refers (Special) to libinit2.o(.ARM.Collect$$libinit$$00000019) for __rt_lib_init_lc_time_1
    libinit.o(.ARM.Collect$$libinit$$00000000) refers (Special) to libinit2.o(.ARM.Collect$$libinit$$00000004) for __rt_lib_init_preinit_1
    libinit.o(.ARM.Collect$$libinit$$00000000) refers (Special) to libinit2.o(.ARM.Collect$$libinit$$0000000E) for __rt_lib_init_rand_1
    libinit.o(.ARM.Collect$$libinit$$00000000) refers (Special) to libinit2.o(.ARM.Collect$$libinit$$00000033) for __rt_lib_init_return
    libinit.o(.ARM.Collect$$libinit$$00000000) refers (Special) to libinit2.o(.ARM.Collect$$libinit$$0000001D) for __rt_lib_init_signal_1
    libinit.o(.ARM.Collect$$libinit$$00000000) refers (Special) to libinit2.o(.ARM.Collect$$libinit$$00000025) for __rt_lib_init_stdio_1
    libinit.o(.ARM.Collect$$libinit$$00000000) refers (Special) to libinit2.o(.ARM.Collect$$libinit$$0000000C) for __rt_lib_init_user_alloc_1
    libspace.o(.text) refers to libspace.o(.bss) for __libspace_start
    rtexit.o(.ARM.Collect$$rtexit$$00000000) refers (Special) to rtexit2.o(.ARM.Collect$$rtexit$$00000004) for __rt_exit_exit
    rtexit.o(.ARM.Collect$$rtexit$$00000000) refers (Special) to rtexit2.o(.ARM.Collect$$rtexit$$00000003) for __rt_exit_ls
    rtexit.o(.ARM.Collect$$rtexit$$00000000) refers (Special) to rtexit2.o(.ARM.Collect$$rtexit$$00000002) for __rt_exit_prels_1
    rtexit.o(.ARM.exidx) refers (Special) to rtexit2.o(.ARM.Collect$$rtexit$$00000004) for __rt_exit_exit
    rtexit.o(.ARM.exidx) refers (Special) to rtexit2.o(.ARM.Collect$$rtexit$$00000003) for __rt_exit_ls
    rtexit.o(.ARM.exidx) refers (Special) to rtexit2.o(.ARM.Collect$$rtexit$$00000002) for __rt_exit_prels_1
    rtexit.o(.ARM.exidx) refers to rtexit.o(.ARM.Collect$$rtexit$$00000000) for .ARM.Collect$$rtexit$$00000000
    libinit2.o(.ARM.Collect$$libinit$$00000001) refers to fpinit.o(x$fpl$fpinit) for _fp_init
    libinit2.o(.ARM.Collect$$libinit$$00000010) refers to libinit2.o(.ARM.Collect$$libinit$$0000000F) for .ARM.Collect$$libinit$$0000000F
    libinit2.o(.ARM.Collect$$libinit$$00000012) refers to libinit2.o(.ARM.Collect$$libinit$$0000000F) for .ARM.Collect$$libinit$$0000000F
    libinit2.o(.ARM.Collect$$libinit$$00000014) refers to libinit2.o(.ARM.Collect$$libinit$$0000000F) for .ARM.Collect$$libinit$$0000000F
    libinit2.o(.ARM.Collect$$libinit$$00000016) refers to libinit2.o(.ARM.Collect$$libinit$$0000000F) for .ARM.Collect$$libinit$$0000000F
    libinit2.o(.ARM.Collect$$libinit$$00000018) refers to libinit2.o(.ARM.Collect$$libinit$$0000000F) for .ARM.Collect$$libinit$$0000000F
    libinit2.o(.ARM.Collect$$libinit$$00000026) refers to argv_veneer.o(.emb_text) for __ARM_argv_veneer
    libinit2.o(.ARM.Collect$$libinit$$00000027) refers to argv_veneer.o(.emb_text) for __ARM_argv_veneer
    rtexit2.o(.ARM.Collect$$rtexit$$00000003) refers to libshutdown.o(.ARM.Collect$$libshutdown$$00000000) for __rt_lib_shutdown
    rtexit2.o(.ARM.Collect$$rtexit$$00000004) refers to sys_exit.o(.text) for _sys_exit
    rtexit2.o(.ARM.exidx) refers to rtexit2.o(.ARM.Collect$$rtexit$$00000001) for .ARM.Collect$$rtexit$$00000001
    rtexit2.o(.ARM.exidx) refers to rtexit2.o(.ARM.Collect$$rtexit$$00000003) for .ARM.Collect$$rtexit$$00000003
    rtexit2.o(.ARM.exidx) refers to rtexit2.o(.ARM.Collect$$rtexit$$00000004) for .ARM.Collect$$rtexit$$00000004
    argv_veneer.o(.emb_text) refers to no_argv.o(.text) for __ARM_get_argv
    sys_exit.o(.text) refers (Special) to use_no_semi.o(.text) for __I$use$semihosting
    sys_exit.o(.text) refers (Special) to indicate_semi.o(.text) for __semihosting_library_function
    _get_argv_nomalloc.o(.text) refers (Special) to hrguard.o(.text) for __heap_region$guard
    _get_argv_nomalloc.o(.text) refers to defsig_rtmem_outer.o(.text) for __rt_SIGRTMEM
    _get_argv_nomalloc.o(.text) refers to sys_command.o(.text) for _sys_command_string
    libshutdown.o(.ARM.Collect$$libshutdown$$00000000) refers (Special) to libshutdown2.o(.ARM.Collect$$libshutdown$$00000004) for __rt_lib_shutdown_cpp_1
    libshutdown.o(.ARM.Collect$$libshutdown$$00000000) refers (Special) to libshutdown2.o(.ARM.Collect$$libshutdown$$00000002) for __rt_lib_shutdown_fini_1
    libshutdown.o(.ARM.Collect$$libshutdown$$00000000) refers (Special) to libshutdown2.o(.ARM.Collect$$libshutdown$$00000009) for __rt_lib_shutdown_fp_trap_1
    libshutdown.o(.ARM.Collect$$libshutdown$$00000000) refers (Special) to libshutdown2.o(.ARM.Collect$$libshutdown$$00000011) for __rt_lib_shutdown_heap_1
    libshutdown.o(.ARM.Collect$$libshutdown$$00000000) refers (Special) to libshutdown2.o(.ARM.Collect$$libshutdown$$00000012) for __rt_lib_shutdown_return
    libshutdown.o(.ARM.Collect$$libshutdown$$00000000) refers (Special) to libshutdown2.o(.ARM.Collect$$libshutdown$$0000000C) for __rt_lib_shutdown_signal_1
    libshutdown.o(.ARM.Collect$$libshutdown$$00000000) refers (Special) to libshutdown2.o(.ARM.Collect$$libshutdown$$00000006) for __rt_lib_shutdown_stdio_1
    libshutdown.o(.ARM.Collect$$libshutdown$$00000000) refers (Special) to libshutdown2.o(.ARM.Collect$$libshutdown$$0000000E) for __rt_lib_shutdown_user_alloc_1
    sys_command.o(.text) refers (Special) to use_no_semi.o(.text) for __I$use$semihosting
    sys_command.o(.text) refers (Special) to indicate_semi.o(.text) for __semihosting_library_function
    defsig_rtmem_outer.o(.text) refers to defsig_rtmem_inner.o(.text) for __rt_SIGRTMEM_inner
    defsig_rtmem_outer.o(.text) refers to defsig_exit.o(.text) for __sig_exit
    defsig_rtmem_formal.o(.text) refers to rt_raise.o(.text) for __rt_raise
    rt_raise.o(.text) refers to __raise.o(.text) for __raise
    rt_raise.o(.text) refers to sys_exit.o(.text) for _sys_exit
    defsig_exit.o(.text) refers to sys_exit.o(.text) for _sys_exit
    defsig_rtmem_inner.o(.text) refers to defsig_general.o(.text) for __default_signal_display
    __raise.o(.text) refers to defsig.o(CL$$defsig) for __default_signal_handler
    defsig_general.o(.text) refers to sys_wrch.o(.text) for _ttywrch
    sys_wrch.o(.text) refers (Special) to use_no_semi.o(.text) for __I$use$semihosting
    sys_wrch.o(.text) refers (Special) to indicate_semi.o(.text) for __semihosting_library_function
    defsig.o(CL$$defsig) refers to defsig_rtmem_inner.o(.text) for __rt_SIGRTMEM_inner
    defsig_abrt_inner.o(.text) refers to defsig_general.o(.text) for __default_signal_display
    defsig_fpe_inner.o(.text) refers to defsig_general.o(.text) for __default_signal_display
    defsig_rtred_inner.o(.text) refers to defsig_general.o(.text) for __default_signal_display
    defsig_stak_inner.o(.text) refers to defsig_general.o(.text) for __default_signal_display
    defsig_pvfn_inner.o(.text) refers to defsig_general.o(.text) for __default_signal_display
    defsig_cppl_inner.o(.text) refers to defsig_general.o(.text) for __default_signal_display
    defsig_segv_inner.o(.text) refers to defsig_general.o(.text) for __default_signal_display
    defsig_other.o(.text) refers to defsig_general.o(.text) for __default_signal_display


==============================================================================

Removing Unused input sections from the image.

    Removing main.o(i.InitI2C2), (160 bytes).
    Removing system_tm4c123.o(.rev16_text), (4 bytes).
    Removing system_tm4c123.o(.revsh_text), (4 bytes).
    Removing system_tm4c123.o(.rrx_text), (6 bytes).
    Removing system_tm4c123.o(i.SystemCoreClockUpdate), (196 bytes).
    Removing system_tm4c123.o(i.getOscClk), (244 bytes).
    Removing system_tm4c123.o(.data), (4 bytes).
    Removing gpio.o(i.GPIOADCTriggerDisable), (14 bytes).
    Removing gpio.o(i.GPIOADCTriggerEnable), (12 bytes).
    Removing gpio.o(i.GPIODMATriggerDisable), (14 bytes).
    Removing gpio.o(i.GPIODMATriggerEnable), (12 bytes).
    Removing gpio.o(i.GPIODirModeGet), (34 bytes).
    Removing gpio.o(i.GPIOIntRegister), (26 bytes).
    Removing gpio.o(i.GPIOIntRegisterPin), (30 bytes).
    Removing gpio.o(i.GPIOIntStatus), (14 bytes).
    Removing gpio.o(i.GPIOIntTypeGet), (70 bytes).
    Removing gpio.o(i.GPIOIntUnregister), (22 bytes).
    Removing gpio.o(i.GPIOIntUnregisterPin), (26 bytes).
    Removing gpio.o(i.GPIOPadConfigGet), (248 bytes).
    Removing gpio.o(i.GPIOPinConfigure), (68 bytes).
    Removing gpio.o(i.GPIOPinRead), (6 bytes).
    Removing gpio.o(i.GPIOPinTypeADC), (28 bytes).
    Removing gpio.o(i.GPIOPinTypeCAN), (28 bytes).
    Removing gpio.o(i.GPIOPinTypeComparator), (28 bytes).
    Removing gpio.o(i.GPIOPinTypeComparatorOutput), (28 bytes).
    Removing gpio.o(i.GPIOPinTypeDIVSCLK), (28 bytes).
    Removing gpio.o(i.GPIOPinTypeEPI), (28 bytes).
    Removing gpio.o(i.GPIOPinTypeEthernetLED), (28 bytes).
    Removing gpio.o(i.GPIOPinTypeEthernetMII), (28 bytes).
    Removing gpio.o(i.GPIOPinTypeGPIOOutputOD), (28 bytes).
    Removing gpio.o(i.GPIOPinTypeHibernateRTCCLK), (28 bytes).
    Removing gpio.o(i.GPIOPinTypeI2C), (28 bytes).
    Removing gpio.o(i.GPIOPinTypeI2CSCL), (28 bytes).
    Removing gpio.o(i.GPIOPinTypeLCD), (28 bytes).
    Removing gpio.o(i.GPIOPinTypeOneWire), (28 bytes).
    Removing gpio.o(i.GPIOPinTypePWM), (28 bytes).
    Removing gpio.o(i.GPIOPinTypeQEI), (28 bytes).
    Removing gpio.o(i.GPIOPinTypeSSI), (28 bytes).
    Removing gpio.o(i.GPIOPinTypeTimer), (28 bytes).
    Removing gpio.o(i.GPIOPinTypeTrace), (28 bytes).
    Removing gpio.o(i.GPIOPinTypeUART), (28 bytes).
    Removing gpio.o(i.GPIOPinTypeUSBAnalog), (28 bytes).
    Removing gpio.o(i.GPIOPinTypeUSBDigital), (28 bytes).
    Removing gpio.o(i.GPIOPinTypeWakeHigh), (30 bytes).
    Removing gpio.o(i.GPIOPinTypeWakeLow), (30 bytes).
    Removing gpio.o(i.GPIOPinWakeStatus), (6 bytes).
    Removing gpio.o(i.GPIOUnlockPin), (24 bytes).
    Removing gpio.o(i._GPIOIntNumberGet), (80 bytes).
    Removing gpio.o(.constdata), (552 bytes).
    Removing interrupt.o(i.IntDisable), (100 bytes).
    Removing interrupt.o(i.IntIsEnabled), (96 bytes).
    Removing interrupt.o(i.IntMasterDisable), (14 bytes).
    Removing interrupt.o(i.IntPendClear), (68 bytes).
    Removing interrupt.o(i.IntPendSet), (84 bytes).
    Removing interrupt.o(i.IntPriorityGet), (28 bytes).
    Removing interrupt.o(i.IntPriorityGroupingGet), (36 bytes).
    Removing interrupt.o(i.IntPriorityGroupingSet), (28 bytes).
    Removing interrupt.o(i.IntPriorityMaskGet), (4 bytes).
    Removing interrupt.o(i.IntPriorityMaskSet), (4 bytes).
    Removing interrupt.o(i.IntTrigger), (12 bytes).
    Removing interrupt.o(i.IntUnregister), (20 bytes).
    Removing interrupt.o(i._IntDefaultHandler), (2 bytes).
    Removing pwm.o(i.PWMClockGet), (26 bytes).
    Removing pwm.o(i.PWMClockSet), (20 bytes).
    Removing pwm.o(i.PWMDeadBandDisable), (12 bytes).
    Removing pwm.o(i.PWMDeadBandEnable), (16 bytes).
    Removing pwm.o(i.PWMFaultIntClear), (8 bytes).
    Removing pwm.o(i.PWMFaultIntClearExt), (4 bytes).
    Removing pwm.o(i.PWMFaultIntRegister), (92 bytes).
    Removing pwm.o(i.PWMFaultIntUnregister), (84 bytes).
    Removing pwm.o(i.PWMGenDisable), (10 bytes).
    Removing pwm.o(i.PWMGenEnable), (10 bytes).
    Removing pwm.o(i.PWMGenFaultClear), (18 bytes).
    Removing pwm.o(i.PWMGenFaultConfigure), (18 bytes).
    Removing pwm.o(i.PWMGenFaultStatus), (18 bytes).
    Removing pwm.o(i.PWMGenFaultTriggerGet), (12 bytes).
    Removing pwm.o(i.PWMGenFaultTriggerSet), (12 bytes).
    Removing pwm.o(i.PWMGenIntClear), (6 bytes).
    Removing pwm.o(i.PWMGenIntRegister), (26 bytes).
    Removing pwm.o(i.PWMGenIntStatus), (12 bytes).
    Removing pwm.o(i.PWMGenIntTrigDisable), (10 bytes).
    Removing pwm.o(i.PWMGenIntTrigEnable), (10 bytes).
    Removing pwm.o(i.PWMGenIntUnregister), (22 bytes).
    Removing pwm.o(i.PWMGenPeriodGet), (18 bytes).
    Removing pwm.o(i.PWMIntDisable), (10 bytes).
    Removing pwm.o(i.PWMIntEnable), (8 bytes).
    Removing pwm.o(i.PWMIntStatus), (10 bytes).
    Removing pwm.o(i.PWMOutputFault), (16 bytes).
    Removing pwm.o(i.PWMOutputFaultLevel), (16 bytes).
    Removing pwm.o(i.PWMOutputInvert), (16 bytes).
    Removing pwm.o(i.PWMOutputState), (16 bytes).
    Removing pwm.o(i.PWMOutputUpdateMode), (62 bytes).
    Removing pwm.o(i.PWMPulseWidthGet), (32 bytes).
    Removing pwm.o(i.PWMPulseWidthSet), (32 bytes).
    Removing pwm.o(i.PWMSyncTimeBase), (4 bytes).
    Removing pwm.o(i.PWMSyncUpdate), (4 bytes).
    Removing pwm.o(i._PWMGenIntNumberGet), (224 bytes).
    Removing sysctl.o(i.SysCtlAltClkConfig), (12 bytes).
    Removing sysctl.o(i.SysCtlClockFreqSet), (740 bytes).
    Removing sysctl.o(i.SysCtlClockOutConfig), (20 bytes).
    Removing sysctl.o(i.SysCtlDeepSleep), (32 bytes).
    Removing sysctl.o(i.SysCtlDeepSleepClockConfigSet), (112 bytes).
    Removing sysctl.o(i.SysCtlDeepSleepClockSet), (12 bytes).
    Removing sysctl.o(i.SysCtlDeepSleepPowerSet), (12 bytes).
    Removing sysctl.o(i.SysCtlFlashSectorSizeGet), (56 bytes).
    Removing sysctl.o(i.SysCtlFlashSizeGet), (56 bytes).
    Removing sysctl.o(i.SysCtlGPIOAHBDisable), (28 bytes).
    Removing sysctl.o(i.SysCtlGPIOAHBEnable), (24 bytes).
    Removing sysctl.o(i.SysCtlIntClear), (12 bytes).
    Removing sysctl.o(i.SysCtlIntDisable), (16 bytes).
    Removing sysctl.o(i.SysCtlIntEnable), (16 bytes).
    Removing sysctl.o(i.SysCtlIntRegister), (20 bytes).
    Removing sysctl.o(i.SysCtlIntStatus), (16 bytes).
    Removing sysctl.o(i.SysCtlIntUnregister), (18 bytes).
    Removing sysctl.o(i.SysCtlLDODeepSleepGet), (12 bytes).
    Removing sysctl.o(i.SysCtlLDODeepSleepSet), (12 bytes).
    Removing sysctl.o(i.SysCtlLDOSleepGet), (12 bytes).
    Removing sysctl.o(i.SysCtlLDOSleepSet), (12 bytes).
    Removing sysctl.o(i.SysCtlMOSCConfigSet), (12 bytes).
    Removing sysctl.o(i.SysCtlNMIClear), (16 bytes).
    Removing sysctl.o(i.SysCtlNMIStatus), (12 bytes).
    Removing sysctl.o(i.SysCtlPIOSCCalibrate), (76 bytes).
    Removing sysctl.o(i.SysCtlPWMClockGet), (24 bytes).
    Removing sysctl.o(i.SysCtlPWMClockSet), (20 bytes).
    Removing sysctl.o(i.SysCtlPeripheralClockGating), (68 bytes).
    Removing sysctl.o(i.SysCtlPeripheralDeepSleepDisable), (40 bytes).
    Removing sysctl.o(i.SysCtlPeripheralDeepSleepEnable), (40 bytes).
    Removing sysctl.o(i.SysCtlPeripheralDisable), (40 bytes).
    Removing sysctl.o(i.SysCtlPeripheralPowerOff), (40 bytes).
    Removing sysctl.o(i.SysCtlPeripheralPowerOn), (40 bytes).
    Removing sysctl.o(i.SysCtlPeripheralPresent), (44 bytes).
    Removing sysctl.o(i.SysCtlPeripheralReady), (44 bytes).
    Removing sysctl.o(i.SysCtlPeripheralReset), (60 bytes).
    Removing sysctl.o(i.SysCtlPeripheralSleepDisable), (40 bytes).
    Removing sysctl.o(i.SysCtlPeripheralSleepEnable), (40 bytes).
    Removing sysctl.o(i.SysCtlReset), (16 bytes).
    Removing sysctl.o(i.SysCtlResetBehaviorGet), (12 bytes).
    Removing sysctl.o(i.SysCtlResetBehaviorSet), (12 bytes).
    Removing sysctl.o(i.SysCtlResetCauseClear), (16 bytes).
    Removing sysctl.o(i.SysCtlResetCauseGet), (12 bytes).
    Removing sysctl.o(i.SysCtlSRAMSizeGet), (16 bytes).
    Removing sysctl.o(i.SysCtlSleep), (4 bytes).
    Removing sysctl.o(i.SysCtlSleepPowerSet), (12 bytes).
    Removing sysctl.o(i.SysCtlUSBPLLDisable), (16 bytes).
    Removing sysctl.o(i.SysCtlUSBPLLEnable), (16 bytes).
    Removing sysctl.o(i.SysCtlVCOGet), (120 bytes).
    Removing sysctl.o(i.SysCtlVoltageEventClear), (16 bytes).
    Removing sysctl.o(i.SysCtlVoltageEventConfig), (12 bytes).
    Removing sysctl.o(i.SysCtlVoltageEventStatus), (12 bytes).
    Removing timer.o(i.TimerADCEventGet), (4 bytes).
    Removing timer.o(i.TimerADCEventSet), (4 bytes).
    Removing timer.o(i.TimerClockSourceGet), (6 bytes).
    Removing timer.o(i.TimerClockSourceSet), (6 bytes).
    Removing timer.o(i.TimerControlEvent), (18 bytes).
    Removing timer.o(i.TimerControlLevel), (22 bytes).
    Removing timer.o(i.TimerControlStall), (22 bytes).
    Removing timer.o(i.TimerControlTrigger), (80 bytes).
    Removing timer.o(i.TimerControlWaitOnTrigger), (48 bytes).
    Removing timer.o(i.TimerDMAEventGet), (4 bytes).
    Removing timer.o(i.TimerDMAEventSet), (4 bytes).
    Removing timer.o(i.TimerIntDisable), (10 bytes).
    Removing timer.o(i.TimerIntUnregister), (104 bytes).
    Removing timer.o(i.TimerLoadGet), (10 bytes).
    Removing timer.o(i.TimerLoadGet64), (14 bytes).
    Removing timer.o(i.TimerLoadSet64), (6 bytes).
    Removing timer.o(i.TimerMatchGet), (10 bytes).
    Removing timer.o(i.TimerMatchGet64), (14 bytes).
    Removing timer.o(i.TimerMatchSet), (18 bytes).
    Removing timer.o(i.TimerMatchSet64), (6 bytes).
    Removing timer.o(i.TimerPrescaleGet), (10 bytes).
    Removing timer.o(i.TimerPrescaleMatchGet), (10 bytes).
    Removing timer.o(i.TimerPrescaleMatchSet), (18 bytes).
    Removing timer.o(i.TimerPrescaleSet), (18 bytes).
    Removing timer.o(i.TimerRTCDisable), (10 bytes).
    Removing timer.o(i.TimerRTCEnable), (10 bytes).
    Removing timer.o(i.TimerSynchronize), (4 bytes).
    Removing timer.o(i.TimerUpdateMode), (42 bytes).
    Removing timer.o(i.TimerValueGet), (10 bytes).
    Removing timer.o(i.TimerValueGet64), (14 bytes).

179 unused section(s) (total 6716 bytes) removed from the image.

==============================================================================

Image Symbol Table

    Local Symbols

    Symbol Name                              Value     Ov Type        Size  Object(Section)

    RESET                                    0x00000000   Section      620  startup_tm4c123.o(RESET)
    ../clib/angel/boardlib.s                 0x00000000   Number         0  boardinit3.o ABSOLUTE
    ../clib/angel/boardlib.s                 0x00000000   Number         0  boardinit2.o ABSOLUTE
    ../clib/angel/boardlib.s                 0x00000000   Number         0  boardinit1.o ABSOLUTE
    ../clib/angel/boardlib.s                 0x00000000   Number         0  boardshut.o ABSOLUTE
    ../clib/angel/dczerorl.s                 0x00000000   Number         0  __dczerorl.o ABSOLUTE
    ../clib/angel/handlers.s                 0x00000000   Number         0  __scatter_zi.o ABSOLUTE
    ../clib/angel/kernel.s                   0x00000000   Number         0  rtexit2.o ABSOLUTE
    ../clib/angel/kernel.s                   0x00000000   Number         0  __rtentry.o ABSOLUTE
    ../clib/angel/kernel.s                   0x00000000   Number         0  __rtentry4.o ABSOLUTE
    ../clib/angel/kernel.s                   0x00000000   Number         0  __rtentry2.o ABSOLUTE
    ../clib/angel/kernel.s                   0x00000000   Number         0  rtexit.o ABSOLUTE
    ../clib/angel/rt.s                       0x00000000   Number         0  rt_raise.o ABSOLUTE
    ../clib/angel/scatter.s                  0x00000000   Number         0  __scatter.o ABSOLUTE
    ../clib/angel/startup.s                  0x00000000   Number         0  __main.o ABSOLUTE
    ../clib/angel/sys.s                      0x00000000   Number         0  libspace.o ABSOLUTE
    ../clib/angel/sys.s                      0x00000000   Number         0  indicate_semi.o ABSOLUTE
    ../clib/angel/sys.s                      0x00000000   Number         0  use_no_semi.o ABSOLUTE
    ../clib/angel/sys.s                      0x00000000   Number         0  sys_stackheap_outer.o ABSOLUTE
    ../clib/angel/sysapp.c                   0x00000000   Number         0  sys_command.o ABSOLUTE
    ../clib/angel/sysapp.c                   0x00000000   Number         0  sys_exit.o ABSOLUTE
    ../clib/angel/sysapp.c                   0x00000000   Number         0  sys_wrch.o ABSOLUTE
    ../clib/armsys.c                         0x00000000   Number         0  argv_veneer.o ABSOLUTE
    ../clib/armsys.c                         0x00000000   Number         0  _get_argv_nomalloc.o ABSOLUTE
    ../clib/armsys.c                         0x00000000   Number         0  no_argv.o ABSOLUTE
    ../clib/armsys.c                         0x00000000   Number         0  argv_veneer.o ABSOLUTE
    ../clib/heapalloc.c                      0x00000000   Number         0  hrguard.o ABSOLUTE
    ../clib/heapaux.c                        0x00000000   Number         0  heapauxi.o ABSOLUTE
    ../clib/libinit.s                        0x00000000   Number         0  libinit2.o ABSOLUTE
    ../clib/libinit.s                        0x00000000   Number         0  libinit.o ABSOLUTE
    ../clib/libinit.s                        0x00000000   Number         0  libshutdown.o ABSOLUTE
    ../clib/libinit.s                        0x00000000   Number         0  libshutdown2.o ABSOLUTE
    ../clib/signal.c                         0x00000000   Number         0  defsig_exit.o ABSOLUTE
    ../clib/signal.c                         0x00000000   Number         0  __raise.o ABSOLUTE
    ../clib/signal.c                         0x00000000   Number         0  defsig_rtmem_inner.o ABSOLUTE
    ../clib/signal.c                         0x00000000   Number         0  defsig_general.o ABSOLUTE
    ../clib/signal.c                         0x00000000   Number         0  defsig_abrt_inner.o ABSOLUTE
    ../clib/signal.c                         0x00000000   Number         0  defsig_fpe_inner.o ABSOLUTE
    ../clib/signal.c                         0x00000000   Number         0  defsig_rtred_inner.o ABSOLUTE
    ../clib/signal.c                         0x00000000   Number         0  defsig_stak_inner.o ABSOLUTE
    ../clib/signal.c                         0x00000000   Number         0  defsig_pvfn_inner.o ABSOLUTE
    ../clib/signal.c                         0x00000000   Number         0  defsig_cppl_inner.o ABSOLUTE
    ../clib/signal.c                         0x00000000   Number         0  defsig_segv_inner.o ABSOLUTE
    ../clib/signal.c                         0x00000000   Number         0  defsig_other.o ABSOLUTE
    ../clib/signal.c                         0x00000000   Number         0  defsig_rtmem_formal.o ABSOLUTE
    ../clib/signal.c                         0x00000000   Number         0  defsig_rtmem_outer.o ABSOLUTE
    ../clib/signal.s                         0x00000000   Number         0  defsig.o ABSOLUTE
    ../clib/stdlib.c                         0x00000000   Number         0  exit.o ABSOLUTE
    ../fplib/dcmpi.s                         0x00000000   Number         0  dcmpi.o ABSOLUTE
    ../fplib/ddiv.s                          0x00000000   Number         0  ddiv.o ABSOLUTE
    ../fplib/dflt.s                          0x00000000   Number         0  dflt_clz.o ABSOLUTE
    ../fplib/dleqf.s                         0x00000000   Number         0  dleqf.o ABSOLUTE
    ../fplib/dmul.s                          0x00000000   Number         0  dmul.o ABSOLUTE
    ../fplib/dnaninf.s                       0x00000000   Number         0  dnaninf.o ABSOLUTE
    ../fplib/dretinf.s                       0x00000000   Number         0  dretinf.o ABSOLUTE
    ../fplib/fpinit.s                        0x00000000   Number         0  fpinit.o ABSOLUTE
    ../fplib/usenofp.s                       0x00000000   Number         0  usenofp.o ABSOLUTE
    Main.c                                   0x00000000   Number         0  main.o ABSOLUTE
    RTE\Device\TM4C123GH6PM\startup_TM4C123.s 0x00000000   Number         0  startup_tm4c123.o ABSOLUTE
    RTE\Device\TM4C123GH6PM\system_TM4C123.c 0x00000000   Number         0  system_tm4c123.o ABSOLUTE
    RTE\\Device\\TM4C123GH6PM\\system_TM4C123.c 0x00000000   Number         0  system_tm4c123.o ABSOLUTE
    cpu.c                                    0x00000000   Number         0  cpu.o ABSOLUTE
    cpu.c                                    0x00000000   Number         0  cpu.o ABSOLUTE
    dc.s                                     0x00000000   Number         0  dc.o ABSOLUTE
    gpio.c                                   0x00000000   Number         0  gpio.o ABSOLUTE
    interrupt.c                              0x00000000   Number         0  interrupt.o ABSOLUTE
    pwm.c                                    0x00000000   Number         0  pwm.o ABSOLUTE
    sysctl.c                                 0x00000000   Number         0  sysctl.o ABSOLUTE
    sysctl.c                                 0x00000000   Number         0  sysctl.o ABSOLUTE
    timer.c                                  0x00000000   Number         0  timer.o ABSOLUTE
    !!!main                                  0x0000026c   Section        8  __main.o(!!!main)
    !!!scatter                               0x00000274   Section       52  __scatter.o(!!!scatter)
    !!dczerorl                               0x000002a8   Section       58  __dczerorl.o(!!dczerorl)
    !!handler_zi                             0x000002e4   Section       28  __scatter_zi.o(!!handler_zi)
    .ARM.Collect$$libinit$$00000000          0x00000300   Section        2  libinit.o(.ARM.Collect$$libinit$$00000000)
    .ARM.Collect$$libinit$$00000001          0x00000302   Section        4  libinit2.o(.ARM.Collect$$libinit$$00000001)
    .ARM.Collect$$libinit$$00000004          0x00000306   Section        0  libinit2.o(.ARM.Collect$$libinit$$00000004)
    .ARM.Collect$$libinit$$0000000A          0x00000306   Section        0  libinit2.o(.ARM.Collect$$libinit$$0000000A)
    .ARM.Collect$$libinit$$0000000C          0x00000306   Section        0  libinit2.o(.ARM.Collect$$libinit$$0000000C)
    .ARM.Collect$$libinit$$0000000E          0x00000306   Section        0  libinit2.o(.ARM.Collect$$libinit$$0000000E)
    .ARM.Collect$$libinit$$00000011          0x00000306   Section        0  libinit2.o(.ARM.Collect$$libinit$$00000011)
    .ARM.Collect$$libinit$$00000013          0x00000306   Section        0  libinit2.o(.ARM.Collect$$libinit$$00000013)
    .ARM.Collect$$libinit$$00000015          0x00000306   Section        0  libinit2.o(.ARM.Collect$$libinit$$00000015)
    .ARM.Collect$$libinit$$00000017          0x00000306   Section        0  libinit2.o(.ARM.Collect$$libinit$$00000017)
    .ARM.Collect$$libinit$$00000019          0x00000306   Section        0  libinit2.o(.ARM.Collect$$libinit$$00000019)
    .ARM.Collect$$libinit$$0000001B          0x00000306   Section        0  libinit2.o(.ARM.Collect$$libinit$$0000001B)
    .ARM.Collect$$libinit$$0000001D          0x00000306   Section        0  libinit2.o(.ARM.Collect$$libinit$$0000001D)
    .ARM.Collect$$libinit$$0000001F          0x00000306   Section        0  libinit2.o(.ARM.Collect$$libinit$$0000001F)
    .ARM.Collect$$libinit$$00000021          0x00000306   Section        0  libinit2.o(.ARM.Collect$$libinit$$00000021)
    .ARM.Collect$$libinit$$00000023          0x00000306   Section        0  libinit2.o(.ARM.Collect$$libinit$$00000023)
    .ARM.Collect$$libinit$$00000025          0x00000306   Section        0  libinit2.o(.ARM.Collect$$libinit$$00000025)
    .ARM.Collect$$libinit$$0000002C          0x00000306   Section        0  libinit2.o(.ARM.Collect$$libinit$$0000002C)
    .ARM.Collect$$libinit$$0000002E          0x00000306   Section        0  libinit2.o(.ARM.Collect$$libinit$$0000002E)
    .ARM.Collect$$libinit$$00000030          0x00000306   Section        0  libinit2.o(.ARM.Collect$$libinit$$00000030)
    .ARM.Collect$$libinit$$00000032          0x00000306   Section        0  libinit2.o(.ARM.Collect$$libinit$$00000032)
    .ARM.Collect$$libinit$$00000033          0x00000306   Section        2  libinit2.o(.ARM.Collect$$libinit$$00000033)
    .ARM.Collect$$libshutdown$$00000000      0x00000308   Section        2  libshutdown.o(.ARM.Collect$$libshutdown$$00000000)
    .ARM.Collect$$libshutdown$$00000002      0x0000030a   Section        0  libshutdown2.o(.ARM.Collect$$libshutdown$$00000002)
    .ARM.Collect$$libshutdown$$00000004      0x0000030a   Section        0  libshutdown2.o(.ARM.Collect$$libshutdown$$00000004)
    .ARM.Collect$$libshutdown$$00000006      0x0000030a   Section        0  libshutdown2.o(.ARM.Collect$$libshutdown$$00000006)
    .ARM.Collect$$libshutdown$$00000009      0x0000030a   Section        0  libshutdown2.o(.ARM.Collect$$libshutdown$$00000009)
    .ARM.Collect$$libshutdown$$0000000C      0x0000030a   Section        0  libshutdown2.o(.ARM.Collect$$libshutdown$$0000000C)
    .ARM.Collect$$libshutdown$$0000000E      0x0000030a   Section        0  libshutdown2.o(.ARM.Collect$$libshutdown$$0000000E)
    .ARM.Collect$$libshutdown$$00000011      0x0000030a   Section        0  libshutdown2.o(.ARM.Collect$$libshutdown$$00000011)
    .ARM.Collect$$libshutdown$$00000012      0x0000030a   Section        2  libshutdown2.o(.ARM.Collect$$libshutdown$$00000012)
    .ARM.Collect$$rtentry$$00000000          0x0000030c   Section        0  __rtentry.o(.ARM.Collect$$rtentry$$00000000)
    .ARM.Collect$$rtentry$$00000002          0x0000030c   Section        0  __rtentry2.o(.ARM.Collect$$rtentry$$00000002)
    .ARM.Collect$$rtentry$$00000004          0x0000030c   Section        6  __rtentry4.o(.ARM.Collect$$rtentry$$00000004)
    .ARM.Collect$$rtentry$$00000009          0x00000312   Section        0  __rtentry2.o(.ARM.Collect$$rtentry$$00000009)
    .ARM.Collect$$rtentry$$0000000A          0x00000312   Section        4  __rtentry2.o(.ARM.Collect$$rtentry$$0000000A)
    .ARM.Collect$$rtentry$$0000000C          0x00000316   Section        0  __rtentry2.o(.ARM.Collect$$rtentry$$0000000C)
    .ARM.Collect$$rtentry$$0000000D          0x00000316   Section        8  __rtentry2.o(.ARM.Collect$$rtentry$$0000000D)
    .ARM.Collect$$rtexit$$00000000           0x0000031e   Section        2  rtexit.o(.ARM.Collect$$rtexit$$00000000)
    .ARM.Collect$$rtexit$$00000002           0x00000320   Section        0  rtexit2.o(.ARM.Collect$$rtexit$$00000002)
    .ARM.Collect$$rtexit$$00000003           0x00000320   Section        4  rtexit2.o(.ARM.Collect$$rtexit$$00000003)
    .ARM.Collect$$rtexit$$00000004           0x00000324   Section        6  rtexit2.o(.ARM.Collect$$rtexit$$00000004)
    .emb_text                                0x0000032c   Section        6  sysctl.o(.emb_text)
    $v0                                      0x0000032c   Number         0  sysctl.o(.emb_text)
    .emb_text                                0x00000334   Section       38  cpu.o(.emb_text)
    $v0                                      0x00000334   Number         0  cpu.o(.emb_text)
    .text                                    0x0000035c   Section      276  startup_tm4c123.o(.text)
    $v0                                      0x0000035c   Number         0  startup_tm4c123.o(.text)
    .text                                    0x00000470   Section        0  heapauxi.o(.text)
    .text                                    0x00000476   Section       74  sys_stackheap_outer.o(.text)
    .text                                    0x000004c0   Section        0  exit.o(.text)
    .text                                    0x000004d4   Section        8  libspace.o(.text)
    .text                                    0x000004dc   Section        0  sys_exit.o(.text)
    .text                                    0x000004e8   Section        2  use_no_semi.o(.text)
    .text                                    0x000004ea   Section        0  indicate_semi.o(.text)
    i.BottomIR                               0x000004ec   Section        0  main.o(i.BottomIR)
    i.GPIODirModeSet                         0x00000518   Section        0  gpio.o(i.GPIODirModeSet)
    i.GPIOIntClear                           0x00000540   Section        0  gpio.o(i.GPIOIntClear)
    i.GPIOIntDisable                         0x00000546   Section        0  gpio.o(i.GPIOIntDisable)
    i.GPIOIntEnable                          0x00000554   Section        0  gpio.o(i.GPIOIntEnable)
    i.GPIOIntTypeSet                         0x00000560   Section        0  gpio.o(i.GPIOIntTypeSet)
    i.GPIOPadConfigSet                       0x000005b0   Section        0  gpio.o(i.GPIOPadConfigSet)
    i.GPIOPinTypeGPIOInput                   0x00000720   Section        0  gpio.o(i.GPIOPinTypeGPIOInput)
    i.GPIOPinTypeGPIOOutput                  0x0000073c   Section        0  gpio.o(i.GPIOPinTypeGPIOOutput)
    i.GPIOPinWrite                           0x00000758   Section        0  gpio.o(i.GPIOPinWrite)
    i.I2CSend                                0x00000760   Section        0  main.o(i.I2CSend)
    i.InitI2C0                               0x00000864   Section        0  main.o(i.InitI2C0)
    i.IntEnable                              0x00000918   Section        0  interrupt.o(i.IntEnable)
    i.IntMasterEnable                        0x0000097c   Section        0  interrupt.o(i.IntMasterEnable)
    i.IntPrioritySet                         0x0000098c   Section        0  interrupt.o(i.IntPrioritySet)
    i.IntRegister                            0x000009b4   Section        0  interrupt.o(i.IntRegister)
    i.PWMGenConfigure                        0x000009e8   Section        0  pwm.o(i.PWMGenConfigure)
    i.PWMGenPeriodSet                        0x00000a0e   Section        0  pwm.o(i.PWMGenPeriodSet)
    i.PartTimeUp                             0x00000a20   Section        0  main.o(i.PartTimeUp)
    i.ShortPartDone                          0x00000b84   Section        0  main.o(i.ShortPartDone)
    i.StartHorizontalMotor                   0x00000bb4   Section        0  main.o(i.StartHorizontalMotor)
    i.StartVerticalMotor                     0x00000c7c   Section        0  main.o(i.StartVerticalMotor)
    i.StoringDecision                        0x00000d3c   Section        0  main.o(i.StoringDecision)
    i.SysCtlClockGet                         0x00000d90   Section        0  sysctl.o(i.SysCtlClockGet)
    i.SysCtlClockSet                         0x00000ee4   Section        0  sysctl.o(i.SysCtlClockSet)
    i.SysCtlPeripheralEnable                 0x00001004   Section        0  sysctl.o(i.SysCtlPeripheralEnable)
    i.SystemInit                             0x0000102c   Section        0  system_tm4c123.o(i.SystemInit)
    i.TallPartDone                           0x000010c4   Section        0  main.o(i.TallPartDone)
    i.Timer2Begin                            0x000010f4   Section        0  main.o(i.Timer2Begin)
    i.TimerBegin                             0x0000114c   Section        0  main.o(i.TimerBegin)
    i.TimerConfigure                         0x000011a4   Section        0  timer.o(i.TimerConfigure)
    i.TimerDisable                           0x00001204   Section        0  timer.o(i.TimerDisable)
    i.TimerEnable                            0x00001214   Section        0  timer.o(i.TimerEnable)
    i.TimerIntClear                          0x00001222   Section        0  timer.o(i.TimerIntClear)
    i.TimerIntEnable                         0x00001226   Section        0  timer.o(i.TimerIntEnable)
    i.TimerIntRegister                       0x00001230   Section        0  timer.o(i.TimerIntRegister)
    i.TimerIntStatus                         0x00001298   Section        0  timer.o(i.TimerIntStatus)
    i.TimerLoadSet                           0x000012a2   Section        0  timer.o(i.TimerLoadSet)
    i.TopIR                                  0x000012b4   Section        0  main.o(i.TopIR)
    i.closeGripper                           0x000012e0   Section        0  main.o(i.closeGripper)
    i.initClock                              0x000012f0   Section        0  main.o(i.initClock)
    i.initGPIOD                              0x00001300   Section        0  main.o(i.initGPIOD)
    i.initGPIOE                              0x00001354   Section        0  main.o(i.initGPIOE)
    i.initGPIOF                              0x00001370   Section        0  main.o(i.initGPIOF)
    i.initServoMotor                         0x000013c4   Section        0  main.o(i.initServoMotor)
    i.main                                   0x000013cc   Section        0  main.o(i.main)
    i.openGripper                            0x00001400   Section        0  main.o(i.openGripper)
    i.startAssemblyConveyer                  0x00001410   Section        0  main.o(i.startAssemblyConveyer)
    i.startDisassemblyConveyer               0x00001420   Section        0  main.o(i.startDisassemblyConveyer)
    i.startShortTimer                        0x00001430   Section        0  main.o(i.startShortTimer)
    i.startTallTimer                         0x0000143a   Section        0  main.o(i.startTallTimer)
    i.stepDown                               0x00001444   Section        0  main.o(i.stepDown)
    i.stepLeft                               0x000014d8   Section        0  main.o(i.stepLeft)
    i.stepRight                              0x0000156c   Section        0  main.o(i.stepRight)
    i.stepUp                                 0x00001600   Section        0  main.o(i.stepUp)
    i.stopAssemblyConveyer                   0x00001694   Section        0  main.o(i.stopAssemblyConveyer)
    i.stopDisssemblyConveyer                 0x000016a4   Section        0  main.o(i.stopDisssemblyConveyer)
    i.stopHorStepper                         0x000016b4   Section        0  main.o(i.stopHorStepper)
    i.stopVerStepper                         0x000016dc   Section        0  main.o(i.stopVerStepper)
    i.storing                                0x00001700   Section        0  main.o(i.storing)
    i.storingShort                           0x00001754   Section        0  main.o(i.storingShort)
    i.storingTall                            0x000017b8   Section        0  main.o(i.storingTall)
    x$fpl$dcmpinf                            0x00001818   Section       24  dcmpi.o(x$fpl$dcmpinf)
    $v0                                      0x00001818   Number         0  dcmpi.o(x$fpl$dcmpinf)
    x$fpl$ddiv                               0x00001830   Section      688  ddiv.o(x$fpl$ddiv)
    $v0                                      0x00001830   Number         0  ddiv.o(x$fpl$ddiv)
    ddiv_entry                               0x00001837   Thumb Code     0  ddiv.o(x$fpl$ddiv)
    x$fpl$dflt                               0x00001ae0   Section       46  dflt_clz.o(x$fpl$dflt)
    $v0                                      0x00001ae0   Number         0  dflt_clz.o(x$fpl$dflt)
    x$fpl$dleqf                              0x00001b10   Section      120  dleqf.o(x$fpl$dleqf)
    $v0                                      0x00001b10   Number         0  dleqf.o(x$fpl$dleqf)
    x$fpl$dmul                               0x00001b88   Section      340  dmul.o(x$fpl$dmul)
    $v0                                      0x00001b88   Number         0  dmul.o(x$fpl$dmul)
    x$fpl$dnaninf                            0x00001cdc   Section      156  dnaninf.o(x$fpl$dnaninf)
    $v0                                      0x00001cdc   Number         0  dnaninf.o(x$fpl$dnaninf)
    x$fpl$dretinf                            0x00001d78   Section       12  dretinf.o(x$fpl$dretinf)
    $v0                                      0x00001d78   Number         0  dretinf.o(x$fpl$dretinf)
    x$fpl$fpinit                             0x00001d84   Section       10  fpinit.o(x$fpl$fpinit)
    $v0                                      0x00001d84   Number         0  fpinit.o(x$fpl$fpinit)
    x$fpl$usenofp                            0x00001d8e   Section        0  usenofp.o(x$fpl$usenofp)
    .constdata                               0x00001d90   Section      268  interrupt.o(.constdata)
    g_pui32Priority                          0x00001d90   Data          32  interrupt.o(.constdata)
    g_pui32Regs                              0x00001db0   Data         156  interrupt.o(.constdata)
    g_pui32EnRegs                            0x00001e4c   Data          20  interrupt.o(.constdata)
    g_pui32Dii16Regs                         0x00001e60   Data          20  interrupt.o(.constdata)
    g_pui32PendRegs                          0x00001e74   Data          20  interrupt.o(.constdata)
    g_pui32UnpendRegs                        0x00001e88   Data          20  interrupt.o(.constdata)
    .constdata                               0x00001e9c   Section      596  sysctl.o(.constdata)
    g_pui32VCOFrequencies                    0x00001e9c   Data           8  sysctl.o(.constdata)
    g_pui32Xtals                             0x00001ea4   Data         108  sysctl.o(.constdata)
    g_pppui32XTALtoVCO                       0x00001f10   Data         432  sysctl.o(.constdata)
    g_sXTALtoMEMTIM                          0x000020c0   Data          48  sysctl.o(.constdata)
    .constdata                               0x000020f0   Section      160  timer.o(.constdata)
    g_ppui32TimerIntMap                      0x000020f0   Data          96  timer.o(.constdata)
    g_ppui32TimerIntMapSnowflake             0x00002150   Data          64  timer.o(.constdata)
    .data                                    0x20000000   Section       12  main.o(.data)
    vtable                                   0x20000400   Section      620  interrupt.o(vtable)
    g_pfnRAMVectors                          0x20000400   Data         620  interrupt.o(vtable)
    .bss                                     0x2000066c   Section       96  libspace.o(.bss)
    HEAP                                     0x200006d0   Section        0  startup_tm4c123.o(HEAP)
    STACK                                    0x200006d0   Section      512  startup_tm4c123.o(STACK)
    Heap_Mem                                 0x200006d0   Data           0  startup_tm4c123.o(HEAP)
    Stack_Mem                                0x200006d0   Data         512  startup_tm4c123.o(STACK)
    __initial_sp                             0x200008d0   Data           0  startup_tm4c123.o(STACK)

    Global Symbols

    Symbol Name                              Value     Ov Type        Size  Object(Section)

    BuildAttributes$$THM_ISAv4$E$P$D$K$B$S$7EM$VFPi3$EXTD16$VFPS$VFMA$PE$A:L22UL41UL21$X:L11$S22US41US21$IEEE1$IW$USESV6$~STKCKD$USESV7$~SHL$OTIME$ROPI$EBA8$UX$STANDARDLIB$REQ8$PRES8$EABIv2 0x00000000   Number         0  anon$$obj.o ABSOLUTE
    __ARM_use_no_argv                        0x00000000   Number         0  main.o ABSOLUTE
    __Vectors                                0x00000000   Data           4  startup_tm4c123.o(RESET)
    __ARM_exceptions_init                     - Undefined Weak Reference
    __alloca_initialize                       - Undefined Weak Reference
    __arm_fini_                               - Undefined Weak Reference
    __arm_preinit_                            - Undefined Weak Reference
    __cpp_initialize__aeabi_                  - Undefined Weak Reference
    __cxa_finalize                            - Undefined Weak Reference
    __rt_locale                               - Undefined Weak Reference
    __sigvec_lookup                           - Undefined Weak Reference
    _atexit_init                              - Undefined Weak Reference
    _call_atexit_fns                          - Undefined Weak Reference
    _clock_init                               - Undefined Weak Reference
    _fp_trap_init                             - Undefined Weak Reference
    _fp_trap_shutdown                         - Undefined Weak Reference
    _get_lc_collate                           - Undefined Weak Reference
    _get_lc_ctype                             - Undefined Weak Reference
    _get_lc_monetary                          - Undefined Weak Reference
    _get_lc_numeric                           - Undefined Weak Reference
    _get_lc_time                              - Undefined Weak Reference
    _getenv_init                              - Undefined Weak Reference
    _handle_redirection                       - Undefined Weak Reference
    _init_alloc                               - Undefined Weak Reference
    _init_user_alloc                          - Undefined Weak Reference
    _initio                                   - Undefined Weak Reference
    _rand_init                                - Undefined Weak Reference
    _signal_finish                            - Undefined Weak Reference
    _signal_init                              - Undefined Weak Reference
    _terminate_alloc                          - Undefined Weak Reference
    _terminate_user_alloc                     - Undefined Weak Reference
    _terminateio                              - Undefined Weak Reference
    __Vectors_End                            0x0000026c   Data           0  startup_tm4c123.o(RESET)
    __Vectors_Size                           0x0000026c   Number         0  startup_tm4c123.o ABSOLUTE
    __main                                   0x0000026d   Thumb Code     8  __main.o(!!!main)
    __scatterload                            0x00000275   Thumb Code     0  __scatter.o(!!!scatter)
    __scatterload_rt2                        0x00000275   Thumb Code    44  __scatter.o(!!!scatter)
    __scatterload_rt2_thumb_only             0x00000275   Thumb Code     0  __scatter.o(!!!scatter)
    __scatterload_null                       0x00000283   Thumb Code     0  __scatter.o(!!!scatter)
    __decompress                             0x000002a9   Thumb Code    58  __dczerorl.o(!!dczerorl)
    __decompress0                            0x000002a9   Thumb Code     0  __dczerorl.o(!!dczerorl)
    __scatterload_zeroinit                   0x000002e5   Thumb Code    28  __scatter_zi.o(!!handler_zi)
    __rt_lib_init                            0x00000301   Thumb Code     0  libinit.o(.ARM.Collect$$libinit$$00000000)
    __rt_lib_init_fp_1                       0x00000303   Thumb Code     0  libinit2.o(.ARM.Collect$$libinit$$00000001)
    __rt_lib_init_alloca_1                   0x00000307   Thumb Code     0  libinit2.o(.ARM.Collect$$libinit$$0000002E)
    __rt_lib_init_argv_1                     0x00000307   Thumb Code     0  libinit2.o(.ARM.Collect$$libinit$$0000002C)
    __rt_lib_init_atexit_1                   0x00000307   Thumb Code     0  libinit2.o(.ARM.Collect$$libinit$$0000001B)
    __rt_lib_init_clock_1                    0x00000307   Thumb Code     0  libinit2.o(.ARM.Collect$$libinit$$00000021)
    __rt_lib_init_cpp_1                      0x00000307   Thumb Code     0  libinit2.o(.ARM.Collect$$libinit$$00000032)
    __rt_lib_init_exceptions_1               0x00000307   Thumb Code     0  libinit2.o(.ARM.Collect$$libinit$$00000030)
    __rt_lib_init_fp_trap_1                  0x00000307   Thumb Code     0  libinit2.o(.ARM.Collect$$libinit$$0000001F)
    __rt_lib_init_getenv_1                   0x00000307   Thumb Code     0  libinit2.o(.ARM.Collect$$libinit$$00000023)
    __rt_lib_init_heap_1                     0x00000307   Thumb Code     0  libinit2.o(.ARM.Collect$$libinit$$0000000A)
    __rt_lib_init_lc_collate_1               0x00000307   Thumb Code     0  libinit2.o(.ARM.Collect$$libinit$$00000011)
    __rt_lib_init_lc_ctype_1                 0x00000307   Thumb Code     0  libinit2.o(.ARM.Collect$$libinit$$00000013)
    __rt_lib_init_lc_monetary_1              0x00000307   Thumb Code     0  libinit2.o(.ARM.Collect$$libinit$$00000015)
    __rt_lib_init_lc_numeric_1               0x00000307   Thumb Code     0  libinit2.o(.ARM.Collect$$libinit$$00000017)
    __rt_lib_init_lc_time_1                  0x00000307   Thumb Code     0  libinit2.o(.ARM.Collect$$libinit$$00000019)
    __rt_lib_init_preinit_1                  0x00000307   Thumb Code     0  libinit2.o(.ARM.Collect$$libinit$$00000004)
    __rt_lib_init_rand_1                     0x00000307   Thumb Code     0  libinit2.o(.ARM.Collect$$libinit$$0000000E)
    __rt_lib_init_return                     0x00000307   Thumb Code     0  libinit2.o(.ARM.Collect$$libinit$$00000033)
    __rt_lib_init_signal_1                   0x00000307   Thumb Code     0  libinit2.o(.ARM.Collect$$libinit$$0000001D)
    __rt_lib_init_stdio_1                    0x00000307   Thumb Code     0  libinit2.o(.ARM.Collect$$libinit$$00000025)
    __rt_lib_init_user_alloc_1               0x00000307   Thumb Code     0  libinit2.o(.ARM.Collect$$libinit$$0000000C)
    __rt_lib_shutdown                        0x00000309   Thumb Code     0  libshutdown.o(.ARM.Collect$$libshutdown$$00000000)
    __rt_lib_shutdown_cpp_1                  0x0000030b   Thumb Code     0  libshutdown2.o(.ARM.Collect$$libshutdown$$00000004)
    __rt_lib_shutdown_fini_1                 0x0000030b   Thumb Code     0  libshutdown2.o(.ARM.Collect$$libshutdown$$00000002)
    __rt_lib_shutdown_fp_trap_1              0x0000030b   Thumb Code     0  libshutdown2.o(.ARM.Collect$$libshutdown$$00000009)
    __rt_lib_shutdown_heap_1                 0x0000030b   Thumb Code     0  libshutdown2.o(.ARM.Collect$$libshutdown$$00000011)
    __rt_lib_shutdown_return                 0x0000030b   Thumb Code     0  libshutdown2.o(.ARM.Collect$$libshutdown$$00000012)
    __rt_lib_shutdown_signal_1               0x0000030b   Thumb Code     0  libshutdown2.o(.ARM.Collect$$libshutdown$$0000000C)
    __rt_lib_shutdown_stdio_1                0x0000030b   Thumb Code     0  libshutdown2.o(.ARM.Collect$$libshutdown$$00000006)
    __rt_lib_shutdown_user_alloc_1           0x0000030b   Thumb Code     0  libshutdown2.o(.ARM.Collect$$libshutdown$$0000000E)
    __rt_entry                               0x0000030d   Thumb Code     0  __rtentry.o(.ARM.Collect$$rtentry$$00000000)
    __rt_entry_presh_1                       0x0000030d   Thumb Code     0  __rtentry2.o(.ARM.Collect$$rtentry$$00000002)
    __rt_entry_sh                            0x0000030d   Thumb Code     0  __rtentry4.o(.ARM.Collect$$rtentry$$00000004)
    __rt_entry_li                            0x00000313   Thumb Code     0  __rtentry2.o(.ARM.Collect$$rtentry$$0000000A)
    __rt_entry_postsh_1                      0x00000313   Thumb Code     0  __rtentry2.o(.ARM.Collect$$rtentry$$00000009)
    __rt_entry_main                          0x00000317   Thumb Code     0  __rtentry2.o(.ARM.Collect$$rtentry$$0000000D)
    __rt_entry_postli_1                      0x00000317   Thumb Code     0  __rtentry2.o(.ARM.Collect$$rtentry$$0000000C)
    __rt_exit                                0x0000031f   Thumb Code     0  rtexit.o(.ARM.Collect$$rtexit$$00000000)
    __rt_exit_ls                             0x00000321   Thumb Code     0  rtexit2.o(.ARM.Collect$$rtexit$$00000003)
    __rt_exit_prels_1                        0x00000321   Thumb Code     0  rtexit2.o(.ARM.Collect$$rtexit$$00000002)
    __rt_exit_exit                           0x00000325   Thumb Code     0  rtexit2.o(.ARM.Collect$$rtexit$$00000004)
    SysCtlDelay                              0x0000032d   Thumb Code     6  sysctl.o(.emb_text)
    CPUcpsid                                 0x00000335   Thumb Code     8  cpu.o(.emb_text)
    CPUprimask                               0x0000033d   Thumb Code     6  cpu.o(.emb_text)
    CPUcpsie                                 0x00000343   Thumb Code     8  cpu.o(.emb_text)
    CPUwfi                                   0x0000034b   Thumb Code     4  cpu.o(.emb_text)
    CPUbasepriSet                            0x0000034f   Thumb Code     6  cpu.o(.emb_text)
    CPUbasepriGet                            0x00000355   Thumb Code     6  cpu.o(.emb_text)
    Reset_Handler                            0x0000035d   Thumb Code     8  startup_tm4c123.o(.text)
    NMI_Handler                              0x00000365   Thumb Code     2  startup_tm4c123.o(.text)
    HardFault_Handler                        0x00000367   Thumb Code     2  startup_tm4c123.o(.text)
    MemManage_Handler                        0x00000369   Thumb Code     2  startup_tm4c123.o(.text)
    BusFault_Handler                         0x0000036b   Thumb Code     2  startup_tm4c123.o(.text)
    UsageFault_Handler                       0x0000036d   Thumb Code     2  startup_tm4c123.o(.text)
    SVC_Handler                              0x0000036f   Thumb Code     2  startup_tm4c123.o(.text)
    DebugMon_Handler                         0x00000371   Thumb Code     2  startup_tm4c123.o(.text)
    PendSV_Handler                           0x00000373   Thumb Code     2  startup_tm4c123.o(.text)
    SysTick_Handler                          0x00000375   Thumb Code     2  startup_tm4c123.o(.text)
    GPIOA_Handler                            0x00000377   Thumb Code     2  startup_tm4c123.o(.text)
    GPIOB_Handler                            0x00000379   Thumb Code     2  startup_tm4c123.o(.text)
    GPIOC_Handler                            0x0000037b   Thumb Code     2  startup_tm4c123.o(.text)
    GPIOD_Handler                            0x0000037d   Thumb Code     2  startup_tm4c123.o(.text)
    GPIOE_Handler                            0x0000037f   Thumb Code     2  startup_tm4c123.o(.text)
    UART0_Handler                            0x00000381   Thumb Code     2  startup_tm4c123.o(.text)
    UART1_Handler                            0x00000383   Thumb Code     2  startup_tm4c123.o(.text)
    SSI0_Handler                             0x00000385   Thumb Code     2  startup_tm4c123.o(.text)
    I2C0_Handler                             0x00000387   Thumb Code     2  startup_tm4c123.o(.text)
    PMW0_FAULT_Handler                       0x00000389   Thumb Code     2  startup_tm4c123.o(.text)
    PWM0_0_Handler                           0x0000038b   Thumb Code     2  startup_tm4c123.o(.text)
    PWM0_1_Handler                           0x0000038d   Thumb Code     2  startup_tm4c123.o(.text)
    PWM0_2_Handler                           0x0000038f   Thumb Code     2  startup_tm4c123.o(.text)
    QEI0_Handler                             0x00000391   Thumb Code     2  startup_tm4c123.o(.text)
    ADC0SS0_Handler                          0x00000393   Thumb Code     2  startup_tm4c123.o(.text)
    ADC0SS1_Handler                          0x00000395   Thumb Code     2  startup_tm4c123.o(.text)
    ADC0SS2_Handler                          0x00000397   Thumb Code     2  startup_tm4c123.o(.text)
    ADC0SS3_Handler                          0x00000399   Thumb Code     2  startup_tm4c123.o(.text)
    WDT0_Handler                             0x0000039b   Thumb Code     2  startup_tm4c123.o(.text)
    TIMER0A_Handler                          0x0000039d   Thumb Code     2  startup_tm4c123.o(.text)
    TIMER0B_Handler                          0x0000039f   Thumb Code     2  startup_tm4c123.o(.text)
    TIMER1A_Handler                          0x000003a1   Thumb Code     2  startup_tm4c123.o(.text)
    TIMER1B_Handler                          0x000003a3   Thumb Code     2  startup_tm4c123.o(.text)
    TIMER2A_Handler                          0x000003a5   Thumb Code     2  startup_tm4c123.o(.text)
    TIMER2B_Handler                          0x000003a7   Thumb Code     2  startup_tm4c123.o(.text)
    COMP0_Handler                            0x000003a9   Thumb Code     2  startup_tm4c123.o(.text)
    COMP1_Handler                            0x000003ab   Thumb Code     2  startup_tm4c123.o(.text)
    COMP2_Handler                            0x000003ad   Thumb Code     2  startup_tm4c123.o(.text)
    SYSCTL_Handler                           0x000003af   Thumb Code     2  startup_tm4c123.o(.text)
    FLASH_Handler                            0x000003b1   Thumb Code     2  startup_tm4c123.o(.text)
    GPIOF_Handler                            0x000003b3   Thumb Code     2  startup_tm4c123.o(.text)
    GPIOG_Handler                            0x000003b5   Thumb Code     2  startup_tm4c123.o(.text)
    GPIOH_Handler                            0x000003b7   Thumb Code     2  startup_tm4c123.o(.text)
    UART2_Handler                            0x000003b9   Thumb Code     2  startup_tm4c123.o(.text)
    SSI1_Handler                             0x000003bb   Thumb Code     2  startup_tm4c123.o(.text)
    TIMER3A_Handler                          0x000003bd   Thumb Code     2  startup_tm4c123.o(.text)
    TIMER3B_Handler                          0x000003bf   Thumb Code     2  startup_tm4c123.o(.text)
    I2C1_Handler                             0x000003c1   Thumb Code     2  startup_tm4c123.o(.text)
    QEI1_Handler                             0x000003c3   Thumb Code     2  startup_tm4c123.o(.text)
    CAN0_Handler                             0x000003c5   Thumb Code     2  startup_tm4c123.o(.text)
    CAN1_Handler                             0x000003c7   Thumb Code     2  startup_tm4c123.o(.text)
    CAN2_Handler                             0x000003c9   Thumb Code     2  startup_tm4c123.o(.text)
    HIB_Handler                              0x000003cb   Thumb Code     2  startup_tm4c123.o(.text)
    USB0_Handler                             0x000003cd   Thumb Code     2  startup_tm4c123.o(.text)
    PWM0_3_Handler                           0x000003cf   Thumb Code     2  startup_tm4c123.o(.text)
    UDMA_Handler                             0x000003d1   Thumb Code     2  startup_tm4c123.o(.text)
    UDMAERR_Handler                          0x000003d3   Thumb Code     2  startup_tm4c123.o(.text)
    ADC1SS0_Handler                          0x000003d5   Thumb Code     2  startup_tm4c123.o(.text)
    ADC1SS1_Handler                          0x000003d7   Thumb Code     2  startup_tm4c123.o(.text)
    ADC1SS2_Handler                          0x000003d9   Thumb Code     2  startup_tm4c123.o(.text)
    ADC1SS3_Handler                          0x000003db   Thumb Code     2  startup_tm4c123.o(.text)
    GPIOJ_Handler                            0x000003dd   Thumb Code     2  startup_tm4c123.o(.text)
    GPIOK_Handler                            0x000003df   Thumb Code     2  startup_tm4c123.o(.text)
    GPIOL_Handler                            0x000003e1   Thumb Code     2  startup_tm4c123.o(.text)
    SSI2_Handler                             0x000003e3   Thumb Code     2  startup_tm4c123.o(.text)
    SSI3_Handler                             0x000003e5   Thumb Code     2  startup_tm4c123.o(.text)
    UART3_Handler                            0x000003e7   Thumb Code     2  startup_tm4c123.o(.text)
    UART4_Handler                            0x000003e9   Thumb Code     2  startup_tm4c123.o(.text)
    UART5_Handler                            0x000003eb   Thumb Code     2  startup_tm4c123.o(.text)
    UART6_Handler                            0x000003ed   Thumb Code     2  startup_tm4c123.o(.text)
    UART7_Handler                            0x000003ef   Thumb Code     2  startup_tm4c123.o(.text)
    I2C2_Handler                             0x000003f1   Thumb Code     2  startup_tm4c123.o(.text)
    I2C3_Handler                             0x000003f3   Thumb Code     2  startup_tm4c123.o(.text)
    TIMER4A_Handler                          0x000003f5   Thumb Code     2  startup_tm4c123.o(.text)
    TIMER4B_Handler                          0x000003f7   Thumb Code     2  startup_tm4c123.o(.text)
    TIMER5A_Handler                          0x000003f9   Thumb Code     2  startup_tm4c123.o(.text)
    TIMER5B_Handler                          0x000003fb   Thumb Code     2  startup_tm4c123.o(.text)
    WTIMER0A_Handler                         0x000003fd   Thumb Code     2  startup_tm4c123.o(.text)
    WTIMER0B_Handler                         0x000003ff   Thumb Code     2  startup_tm4c123.o(.text)
    WTIMER1A_Handler                         0x00000401   Thumb Code     2  startup_tm4c123.o(.text)
    WTIMER1B_Handler                         0x00000403   Thumb Code     2  startup_tm4c123.o(.text)
    WTIMER2A_Handler                         0x00000405   Thumb Code     2  startup_tm4c123.o(.text)
    WTIMER2B_Handler                         0x00000407   Thumb Code     2  startup_tm4c123.o(.text)
    WTIMER3A_Handler                         0x00000409   Thumb Code     2  startup_tm4c123.o(.text)
    WTIMER3B_Handler                         0x0000040b   Thumb Code     2  startup_tm4c123.o(.text)
    WTIMER4A_Handler                         0x0000040d   Thumb Code     2  startup_tm4c123.o(.text)
    WTIMER4B_Handler                         0x0000040f   Thumb Code     2  startup_tm4c123.o(.text)
    WTIMER5A_Handler                         0x00000411   Thumb Code     2  startup_tm4c123.o(.text)
    WTIMER5B_Handler                         0x00000413   Thumb Code     2  startup_tm4c123.o(.text)
    FPU_Handler                              0x00000415   Thumb Code     2  startup_tm4c123.o(.text)
    I2C4_Handler                             0x00000417   Thumb Code     2  startup_tm4c123.o(.text)
    I2C5_Handler                             0x00000419   Thumb Code     2  startup_tm4c123.o(.text)
    GPIOM_Handler                            0x0000041b   Thumb Code     2  startup_tm4c123.o(.text)
    GPION_Handler                            0x0000041d   Thumb Code     2  startup_tm4c123.o(.text)
    QEI2_Handler                             0x0000041f   Thumb Code     2  startup_tm4c123.o(.text)
    GPIOP0_Handler                           0x00000421   Thumb Code     2  startup_tm4c123.o(.text)
    GPIOP1_Handler                           0x00000423   Thumb Code     2  startup_tm4c123.o(.text)
    GPIOP2_Handler                           0x00000425   Thumb Code     2  startup_tm4c123.o(.text)
    GPIOP3_Handler                           0x00000427   Thumb Code     2  startup_tm4c123.o(.text)
    GPIOP4_Handler                           0x00000429   Thumb Code     2  startup_tm4c123.o(.text)
    GPIOP5_Handler                           0x0000042b   Thumb Code     2  startup_tm4c123.o(.text)
    GPIOP6_Handler                           0x0000042d   Thumb Code     2  startup_tm4c123.o(.text)
    GPIOP7_Handler                           0x0000042f   Thumb Code     2  startup_tm4c123.o(.text)
    GPIOQ0_Handler                           0x00000431   Thumb Code     2  startup_tm4c123.o(.text)
    GPIOQ1_Handler                           0x00000433   Thumb Code     2  startup_tm4c123.o(.text)
    GPIOQ2_Handler                           0x00000435   Thumb Code     2  startup_tm4c123.o(.text)
    GPIOQ3_Handler                           0x00000437   Thumb Code     2  startup_tm4c123.o(.text)
    GPIOQ4_Handler                           0x00000439   Thumb Code     2  startup_tm4c123.o(.text)
    GPIOQ5_Handler                           0x0000043b   Thumb Code     2  startup_tm4c123.o(.text)
    GPIOQ6_Handler                           0x0000043d   Thumb Code     2  startup_tm4c123.o(.text)
    GPIOQ7_Handler                           0x0000043f   Thumb Code     2  startup_tm4c123.o(.text)
    GPIOR_Handler                            0x00000441   Thumb Code     2  startup_tm4c123.o(.text)
    GPIOS_Handler                            0x00000443   Thumb Code     2  startup_tm4c123.o(.text)
    PMW1_0_Handler                           0x00000445   Thumb Code     2  startup_tm4c123.o(.text)
    PWM1_1_Handler                           0x00000447   Thumb Code     2  startup_tm4c123.o(.text)
    PWM1_2_Handler                           0x00000449   Thumb Code     2  startup_tm4c123.o(.text)
    PWM1_3_Handler                           0x0000044b   Thumb Code     2  startup_tm4c123.o(.text)
    PWM1_FAULT_Handler                       0x0000044d   Thumb Code     2  startup_tm4c123.o(.text)
    __user_initial_stackheap                 0x00000451   Thumb Code     0  startup_tm4c123.o(.text)
    __use_two_region_memory                  0x00000471   Thumb Code     2  heapauxi.o(.text)
    __rt_heap_escrow$2region                 0x00000473   Thumb Code     2  heapauxi.o(.text)
    __rt_heap_expand$2region                 0x00000475   Thumb Code     2  heapauxi.o(.text)
    __user_setup_stackheap                   0x00000477   Thumb Code    74  sys_stackheap_outer.o(.text)
    exit                                     0x000004c1   Thumb Code    18  exit.o(.text)
    __user_libspace                          0x000004d5   Thumb Code     8  libspace.o(.text)
    __user_perproc_libspace                  0x000004d5   Thumb Code     0  libspace.o(.text)
    __user_perthread_libspace                0x000004d5   Thumb Code     0  libspace.o(.text)
    _sys_exit                                0x000004dd   Thumb Code     8  sys_exit.o(.text)
    __I$use$semihosting                      0x000004e9   Thumb Code     0  use_no_semi.o(.text)
    __use_no_semihosting_swi                 0x000004e9   Thumb Code     2  use_no_semi.o(.text)
    __semihosting_library_function           0x000004eb   Thumb Code     0  indicate_semi.o(.text)
    BottomIR                                 0x000004ed   Thumb Code    32  main.o(i.BottomIR)
    GPIODirModeSet                           0x00000519   Thumb Code    40  gpio.o(i.GPIODirModeSet)
    GPIOIntClear                             0x00000541   Thumb Code     6  gpio.o(i.GPIOIntClear)
    GPIOIntDisable                           0x00000547   Thumb Code    14  gpio.o(i.GPIOIntDisable)
    GPIOIntEnable                            0x00000555   Thumb Code    12  gpio.o(i.GPIOIntEnable)
    GPIOIntTypeSet                           0x00000561   Thumb Code    80  gpio.o(i.GPIOIntTypeSet)
    GPIOPadConfigSet                         0x000005b1   Thumb Code   354  gpio.o(i.GPIOPadConfigSet)
    GPIOPinTypeGPIOInput                     0x00000721   Thumb Code    28  gpio.o(i.GPIOPinTypeGPIOInput)
    GPIOPinTypeGPIOOutput                    0x0000073d   Thumb Code    28  gpio.o(i.GPIOPinTypeGPIOOutput)
    GPIOPinWrite                             0x00000759   Thumb Code     6  gpio.o(i.GPIOPinWrite)
    I2CSend                                  0x00000761   Thumb Code   256  main.o(i.I2CSend)
    InitI2C0                                 0x00000865   Thumb Code   146  main.o(i.InitI2C0)
    IntEnable                                0x00000919   Thumb Code    92  interrupt.o(i.IntEnable)
    IntMasterEnable                          0x0000097d   Thumb Code    14  interrupt.o(i.IntMasterEnable)
    IntPrioritySet                           0x0000098d   Thumb Code    36  interrupt.o(i.IntPrioritySet)
    IntRegister                              0x000009b5   Thumb Code    44  interrupt.o(i.IntRegister)
    PWMGenConfigure                          0x000009e9   Thumb Code    38  pwm.o(i.PWMGenConfigure)
    PWMGenPeriodSet                          0x00000a0f   Thumb Code    18  pwm.o(i.PWMGenPeriodSet)
    PartTimeUp                               0x00000a21   Thumb Code   286  main.o(i.PartTimeUp)
    ShortPartDone                            0x00000b85   Thumb Code    38  main.o(i.ShortPartDone)
    StartHorizontalMotor                     0x00000bb5   Thumb Code   180  main.o(i.StartHorizontalMotor)
    StartVerticalMotor                       0x00000c7d   Thumb Code   172  main.o(i.StartVerticalMotor)
    StoringDecision                          0x00000d3d   Thumb Code    70  main.o(i.StoringDecision)
    SysCtlClockGet                           0x00000d91   Thumb Code   304  sysctl.o(i.SysCtlClockGet)
    SysCtlClockSet                           0x00000ee5   Thumb Code   270  sysctl.o(i.SysCtlClockSet)
    SysCtlPeripheralEnable                   0x00001005   Thumb Code    36  sysctl.o(i.SysCtlPeripheralEnable)
    SystemInit                               0x0000102d   Thumb Code   112  system_tm4c123.o(i.SystemInit)
    TallPartDone                             0x000010c5   Thumb Code    38  main.o(i.TallPartDone)
    Timer2Begin                              0x000010f5   Thumb Code    76  main.o(i.Timer2Begin)
    TimerBegin                               0x0000114d   Thumb Code    76  main.o(i.TimerBegin)
    TimerConfigure                           0x000011a5   Thumb Code    88  timer.o(i.TimerConfigure)
    TimerDisable                             0x00001205   Thumb Code    16  timer.o(i.TimerDisable)
    TimerEnable                              0x00001215   Thumb Code    14  timer.o(i.TimerEnable)
    TimerIntClear                            0x00001223   Thumb Code     4  timer.o(i.TimerIntClear)
    TimerIntEnable                           0x00001227   Thumb Code     8  timer.o(i.TimerIntEnable)
    TimerIntRegister                         0x00001231   Thumb Code    88  timer.o(i.TimerIntRegister)
    TimerIntStatus                           0x00001299   Thumb Code    10  timer.o(i.TimerIntStatus)
    TimerLoadSet                             0x000012a3   Thumb Code    18  timer.o(i.TimerLoadSet)
    TopIR                                    0x000012b5   Thumb Code    32  main.o(i.TopIR)
    closeGripper                             0x000012e1   Thumb Code    16  main.o(i.closeGripper)
    initClock                                0x000012f1   Thumb Code    10  main.o(i.initClock)
    initGPIOD                                0x00001301   Thumb Code    70  main.o(i.initGPIOD)
    initGPIOE                                0x00001355   Thumb Code    18  main.o(i.initGPIOE)
    initGPIOF                                0x00001371   Thumb Code    70  main.o(i.initGPIOF)
    initServoMotor                           0x000013c5   Thumb Code     8  main.o(i.initServoMotor)
    main                                     0x000013cd   Thumb Code    52  main.o(i.main)
    openGripper                              0x00001401   Thumb Code    16  main.o(i.openGripper)
    startAssemblyConveyer                    0x00001411   Thumb Code    16  main.o(i.startAssemblyConveyer)
    startDisassemblyConveyer                 0x00001421   Thumb Code    16  main.o(i.startDisassemblyConveyer)
    startShortTimer                          0x00001431   Thumb Code    10  main.o(i.startShortTimer)
    startTallTimer                           0x0000143b   Thumb Code    10  main.o(i.startTallTimer)
    stepDown                                 0x00001445   Thumb Code   122  main.o(i.stepDown)
    stepLeft                                 0x000014d9   Thumb Code   124  main.o(i.stepLeft)
    stepRight                                0x0000156d   Thumb Code   124  main.o(i.stepRight)
    stepUp                                   0x00001601   Thumb Code   122  main.o(i.stepUp)
    stopAssemblyConveyer                     0x00001695   Thumb Code    16  main.o(i.stopAssemblyConveyer)
    stopDisssemblyConveyer                   0x000016a5   Thumb Code    16  main.o(i.stopDisssemblyConveyer)
    stopHorStepper                           0x000016b5   Thumb Code    30  main.o(i.stopHorStepper)
    stopVerStepper                           0x000016dd   Thumb Code    28  main.o(i.stopVerStepper)
    storing                                  0x00001701   Thumb Code    64  main.o(i.storing)
    storingShort                             0x00001755   Thumb Code    72  main.o(i.storingShort)
    storingTall                              0x000017b9   Thumb Code    66  main.o(i.storingTall)
    __fpl_dcmp_Inf                           0x00001819   Thumb Code    24  dcmpi.o(x$fpl$dcmpinf)
    __aeabi_ddiv                             0x00001831   Thumb Code     0  ddiv.o(x$fpl$ddiv)
    _ddiv                                    0x00001831   Thumb Code   552  ddiv.o(x$fpl$ddiv)
    __aeabi_i2d                              0x00001ae1   Thumb Code     0  dflt_clz.o(x$fpl$dflt)
    _dflt                                    0x00001ae1   Thumb Code    46  dflt_clz.o(x$fpl$dflt)
    __aeabi_cdcmple                          0x00001b11   Thumb Code     0  dleqf.o(x$fpl$dleqf)
    _dcmple                                  0x00001b11   Thumb Code   120  dleqf.o(x$fpl$dleqf)
    __fpl_dcmple_InfNaN                      0x00001b73   Thumb Code     0  dleqf.o(x$fpl$dleqf)
    __aeabi_dmul                             0x00001b89   Thumb Code     0  dmul.o(x$fpl$dmul)
    _dmul                                    0x00001b89   Thumb Code   332  dmul.o(x$fpl$dmul)
    __fpl_dnaninf                            0x00001cdd   Thumb Code   156  dnaninf.o(x$fpl$dnaninf)
    __fpl_dretinf                            0x00001d79   Thumb Code    12  dretinf.o(x$fpl$dretinf)
    _fp_init                                 0x00001d85   Thumb Code    10  fpinit.o(x$fpl$fpinit)
    __fplib_config_fpu_vfp                   0x00001d8d   Thumb Code     0  fpinit.o(x$fpl$fpinit)
    __fplib_config_pureend_doubles           0x00001d8d   Thumb Code     0  fpinit.o(x$fpl$fpinit)
    __I$use$fp                               0x00001d8e   Number         0  usenofp.o(x$fpl$usenofp)
    Region$$Table$$Base                      0x00002190   Number         0  anon$$obj.o(Region$$Table)
    Region$$Table$$Limit                     0x000021b0   Number         0  anon$$obj.o(Region$$Table)
    upperIR                                  0x20000000   Data           1  main.o(.data)
    lowerIR                                  0x20000001   Data           1  main.o(.data)
    verticalLimit                            0x20000002   Data           1  main.o(.data)
    horizontalLimit                          0x20000003   Data           1  main.o(.data)
    TallDone                                 0x20000004   Data           4  main.o(.data)
    ShortDone                                0x20000008   Data           4  main.o(.data)
    __libspace_start                         0x2000066c   Data          96  libspace.o(.bss)
    __temporary_stack_top$libspace           0x200006cc   Data           0  libspace.o(.bss)



==============================================================================

Memory Map of the image

  Image Entry point : 0x0000035d

  Load Region LR_1 (Base: 0x00000000, Size: 0x0000281c, Max: 0xffffffff, ABSOLUTE, COMPRESSED[0x000021c0])

    Execution Region ER_RO (Exec base: 0x00000000, Load base: 0x00000000, Size: 0x000021b0, Max: 0xffffffff, ABSOLUTE)

    Exec Addr    Load Addr    Size         Type   Attr      Idx    E Section Name        Object

    0x00000000   0x00000000   0x0000026c   Data   RO          312    RESET               startup_tm4c123.o
    0x0000026c   0x0000026c   0x00000008   Code   RO         1671  * !!!main             c_w.l(__main.o)
    0x00000274   0x00000274   0x00000034   Code   RO         1853    !!!scatter          c_w.l(__scatter.o)
    0x000002a8   0x000002a8   0x0000003a   Code   RO         1851    !!dczerorl          c_w.l(__dczerorl.o)
    0x000002e2   0x000002e2   0x00000002   PAD
    0x000002e4   0x000002e4   0x0000001c   Code   RO         1855    !!handler_zi        c_w.l(__scatter_zi.o)
    0x00000300   0x00000300   0x00000002   Code   RO         1719    .ARM.Collect$$libinit$$00000000  c_w.l(libinit.o)
    0x00000302   0x00000302   0x00000004   Code   RO         1725    .ARM.Collect$$libinit$$00000001  c_w.l(libinit2.o)
    0x00000306   0x00000306   0x00000000   Code   RO         1728    .ARM.Collect$$libinit$$00000004  c_w.l(libinit2.o)
    0x00000306   0x00000306   0x00000000   Code   RO         1731    .ARM.Collect$$libinit$$0000000A  c_w.l(libinit2.o)
    0x00000306   0x00000306   0x00000000   Code   RO         1733    .ARM.Collect$$libinit$$0000000C  c_w.l(libinit2.o)
    0x00000306   0x00000306   0x00000000   Code   RO         1735    .ARM.Collect$$libinit$$0000000E  c_w.l(libinit2.o)
    0x00000306   0x00000306   0x00000000   Code   RO         1738    .ARM.Collect$$libinit$$00000011  c_w.l(libinit2.o)
    0x00000306   0x00000306   0x00000000   Code   RO         1740    .ARM.Collect$$libinit$$00000013  c_w.l(libinit2.o)
    0x00000306   0x00000306   0x00000000   Code   RO         1742    .ARM.Collect$$libinit$$00000015  c_w.l(libinit2.o)
    0x00000306   0x00000306   0x00000000   Code   RO         1744    .ARM.Collect$$libinit$$00000017  c_w.l(libinit2.o)
    0x00000306   0x00000306   0x00000000   Code   RO         1746    .ARM.Collect$$libinit$$00000019  c_w.l(libinit2.o)
    0x00000306   0x00000306   0x00000000   Code   RO         1748    .ARM.Collect$$libinit$$0000001B  c_w.l(libinit2.o)
    0x00000306   0x00000306   0x00000000   Code   RO         1750    .ARM.Collect$$libinit$$0000001D  c_w.l(libinit2.o)
    0x00000306   0x00000306   0x00000000   Code   RO         1752    .ARM.Collect$$libinit$$0000001F  c_w.l(libinit2.o)
    0x00000306   0x00000306   0x00000000   Code   RO         1754    .ARM.Collect$$libinit$$00000021  c_w.l(libinit2.o)
    0x00000306   0x00000306   0x00000000   Code   RO         1756    .ARM.Collect$$libinit$$00000023  c_w.l(libinit2.o)
    0x00000306   0x00000306   0x00000000   Code   RO         1758    .ARM.Collect$$libinit$$00000025  c_w.l(libinit2.o)
    0x00000306   0x00000306   0x00000000   Code   RO         1762    .ARM.Collect$$libinit$$0000002C  c_w.l(libinit2.o)
    0x00000306   0x00000306   0x00000000   Code   RO         1764    .ARM.Collect$$libinit$$0000002E  c_w.l(libinit2.o)
    0x00000306   0x00000306   0x00000000   Code   RO         1766    .ARM.Collect$$libinit$$00000030  c_w.l(libinit2.o)
    0x00000306   0x00000306   0x00000000   Code   RO         1768    .ARM.Collect$$libinit$$00000032  c_w.l(libinit2.o)
    0x00000306   0x00000306   0x00000002   Code   RO         1769    .ARM.Collect$$libinit$$00000033  c_w.l(libinit2.o)
    0x00000308   0x00000308   0x00000002   Code   RO         1789    .ARM.Collect$$libshutdown$$00000000  c_w.l(libshutdown.o)
    0x0000030a   0x0000030a   0x00000000   Code   RO         1802    .ARM.Collect$$libshutdown$$00000002  c_w.l(libshutdown2.o)
    0x0000030a   0x0000030a   0x00000000   Code   RO         1804    .ARM.Collect$$libshutdown$$00000004  c_w.l(libshutdown2.o)
    0x0000030a   0x0000030a   0x00000000   Code   RO         1806    .ARM.Collect$$libshutdown$$00000006  c_w.l(libshutdown2.o)
    0x0000030a   0x0000030a   0x00000000   Code   RO         1809    .ARM.Collect$$libshutdown$$00000009  c_w.l(libshutdown2.o)
    0x0000030a   0x0000030a   0x00000000   Code   RO         1812    .ARM.Collect$$libshutdown$$0000000C  c_w.l(libshutdown2.o)
    0x0000030a   0x0000030a   0x00000000   Code   RO         1814    .ARM.Collect$$libshutdown$$0000000E  c_w.l(libshutdown2.o)
    0x0000030a   0x0000030a   0x00000000   Code   RO         1817    .ARM.Collect$$libshutdown$$00000011  c_w.l(libshutdown2.o)
    0x0000030a   0x0000030a   0x00000002   Code   RO         1818    .ARM.Collect$$libshutdown$$00000012  c_w.l(libshutdown2.o)
    0x0000030c   0x0000030c   0x00000000   Code   RO         1687    .ARM.Collect$$rtentry$$00000000  c_w.l(__rtentry.o)
    0x0000030c   0x0000030c   0x00000000   Code   RO         1696    .ARM.Collect$$rtentry$$00000002  c_w.l(__rtentry2.o)
    0x0000030c   0x0000030c   0x00000006   Code   RO         1708    .ARM.Collect$$rtentry$$00000004  c_w.l(__rtentry4.o)
    0x00000312   0x00000312   0x00000000   Code   RO         1698    .ARM.Collect$$rtentry$$00000009  c_w.l(__rtentry2.o)
    0x00000312   0x00000312   0x00000004   Code   RO         1699    .ARM.Collect$$rtentry$$0000000A  c_w.l(__rtentry2.o)
    0x00000316   0x00000316   0x00000000   Code   RO         1701    .ARM.Collect$$rtentry$$0000000C  c_w.l(__rtentry2.o)
    0x00000316   0x00000316   0x00000008   Code   RO         1702    .ARM.Collect$$rtentry$$0000000D  c_w.l(__rtentry2.o)
    0x0000031e   0x0000031e   0x00000002   Code   RO         1723    .ARM.Collect$$rtexit$$00000000  c_w.l(rtexit.o)
    0x00000320   0x00000320   0x00000000   Code   RO         1771    .ARM.Collect$$rtexit$$00000002  c_w.l(rtexit2.o)
    0x00000320   0x00000320   0x00000004   Code   RO         1772    .ARM.Collect$$rtexit$$00000003  c_w.l(rtexit2.o)
    0x00000324   0x00000324   0x00000006   Code   RO         1773    .ARM.Collect$$rtexit$$00000004  c_w.l(rtexit2.o)
    0x0000032a   0x0000032a   0x00000002   PAD
    0x0000032c   0x0000032c   0x00000006   Code   RO         1067    .emb_text           driverlib.lib(sysctl.o)
    0x00000332   0x00000332   0x00000002   PAD
    0x00000334   0x00000334   0x00000026   Code   RO         1657    .emb_text           driverlib.lib(cpu.o)
    0x0000035a   0x0000035a   0x00000002   PAD
    0x0000035c   0x0000035c   0x00000114   Code   RO          313  * .text               startup_tm4c123.o
    0x00000470   0x00000470   0x00000006   Code   RO         1669    .text               c_w.l(heapauxi.o)
    0x00000476   0x00000476   0x0000004a   Code   RO         1710    .text               c_w.l(sys_stackheap_outer.o)
    0x000004c0   0x000004c0   0x00000012   Code   RO         1712    .text               c_w.l(exit.o)
    0x000004d2   0x000004d2   0x00000002   PAD
    0x000004d4   0x000004d4   0x00000008   Code   RO         1720    .text               c_w.l(libspace.o)
    0x000004dc   0x000004dc   0x0000000c   Code   RO         1781    .text               c_w.l(sys_exit.o)
    0x000004e8   0x000004e8   0x00000002   Code   RO         1792    .text               c_w.l(use_no_semi.o)
    0x000004ea   0x000004ea   0x00000000   Code   RO         1794    .text               c_w.l(indicate_semi.o)
    0x000004ea   0x000004ea   0x00000002   PAD
    0x000004ec   0x000004ec   0x0000002c   Code   RO            1    i.BottomIR          main.o
    0x00000518   0x00000518   0x00000028   Code   RO          386    i.GPIODirModeSet    driverlib.lib(gpio.o)
    0x00000540   0x00000540   0x00000006   Code   RO          387    i.GPIOIntClear      driverlib.lib(gpio.o)
    0x00000546   0x00000546   0x0000000e   Code   RO          388    i.GPIOIntDisable    driverlib.lib(gpio.o)
    0x00000554   0x00000554   0x0000000c   Code   RO          389    i.GPIOIntEnable     driverlib.lib(gpio.o)
    0x00000560   0x00000560   0x00000050   Code   RO          394    i.GPIOIntTypeSet    driverlib.lib(gpio.o)
    0x000005b0   0x000005b0   0x00000170   Code   RO          398    i.GPIOPadConfigSet  driverlib.lib(gpio.o)
    0x00000720   0x00000720   0x0000001c   Code   RO          409    i.GPIOPinTypeGPIOInput  driverlib.lib(gpio.o)
    0x0000073c   0x0000073c   0x0000001c   Code   RO          410    i.GPIOPinTypeGPIOOutput  driverlib.lib(gpio.o)
    0x00000758   0x00000758   0x00000006   Code   RO          428    i.GPIOPinWrite      driverlib.lib(gpio.o)
    0x0000075e   0x0000075e   0x00000002   PAD
    0x00000760   0x00000760   0x00000104   Code   RO            2    i.I2CSend           main.o
    0x00000864   0x00000864   0x000000b4   Code   RO            3    i.InitI2C0          main.o
    0x00000918   0x00000918   0x00000064   Code   RO          719    i.IntEnable         driverlib.lib(interrupt.o)
    0x0000097c   0x0000097c   0x0000000e   Code   RO          722    i.IntMasterEnable   driverlib.lib(interrupt.o)
    0x0000098a   0x0000098a   0x00000002   PAD
    0x0000098c   0x0000098c   0x00000028   Code   RO          730    i.IntPrioritySet    driverlib.lib(interrupt.o)
    0x000009b4   0x000009b4   0x00000034   Code   RO          731    i.IntRegister       driverlib.lib(interrupt.o)
    0x000009e8   0x000009e8   0x00000026   Code   RO          842    i.PWMGenConfigure   driverlib.lib(pwm.o)
    0x00000a0e   0x00000a0e   0x00000012   Code   RO          857    i.PWMGenPeriodSet   driverlib.lib(pwm.o)
    0x00000a20   0x00000a20   0x00000164   Code   RO            5    i.PartTimeUp        main.o
    0x00000b84   0x00000b84   0x00000030   Code   RO            6    i.ShortPartDone     main.o
    0x00000bb4   0x00000bb4   0x000000c8   Code   RO            7    i.StartHorizontalMotor  main.o
    0x00000c7c   0x00000c7c   0x000000c0   Code   RO            8    i.StartVerticalMotor  main.o
    0x00000d3c   0x00000d3c   0x00000054   Code   RO            9    i.StoringDecision   main.o
    0x00000d90   0x00000d90   0x00000154   Code   RO         1070    i.SysCtlClockGet    driverlib.lib(sysctl.o)
    0x00000ee4   0x00000ee4   0x00000120   Code   RO         1072    i.SysCtlClockSet    driverlib.lib(sysctl.o)
    0x00001004   0x00001004   0x00000028   Code   RO         1101    i.SysCtlPeripheralEnable  driverlib.lib(sysctl.o)
    0x0000102c   0x0000102c   0x00000098   Code   RO          322    i.SystemInit        system_tm4c123.o
    0x000010c4   0x000010c4   0x00000030   Code   RO           10    i.TallPartDone      main.o
    0x000010f4   0x000010f4   0x00000058   Code   RO           11    i.Timer2Begin       main.o
    0x0000114c   0x0000114c   0x00000058   Code   RO           12    i.TimerBegin        main.o
    0x000011a4   0x000011a4   0x00000060   Code   RO         1419    i.TimerConfigure    driverlib.lib(timer.o)
    0x00001204   0x00001204   0x00000010   Code   RO         1427    i.TimerDisable      driverlib.lib(timer.o)
    0x00001214   0x00001214   0x0000000e   Code   RO         1428    i.TimerEnable       driverlib.lib(timer.o)
    0x00001222   0x00001222   0x00000004   Code   RO         1429    i.TimerIntClear     driverlib.lib(timer.o)
    0x00001226   0x00001226   0x00000008   Code   RO         1431    i.TimerIntEnable    driverlib.lib(timer.o)
    0x0000122e   0x0000122e   0x00000002   PAD
    0x00001230   0x00001230   0x00000068   Code   RO         1432    i.TimerIntRegister  driverlib.lib(timer.o)
    0x00001298   0x00001298   0x0000000a   Code   RO         1433    i.TimerIntStatus    driverlib.lib(timer.o)
    0x000012a2   0x000012a2   0x00000012   Code   RO         1437    i.TimerLoadSet      driverlib.lib(timer.o)
    0x000012b4   0x000012b4   0x0000002c   Code   RO           13    i.TopIR             main.o
    0x000012e0   0x000012e0   0x00000010   Code   RO           14    i.closeGripper      main.o
    0x000012f0   0x000012f0   0x00000010   Code   RO           15    i.initClock         main.o
    0x00001300   0x00001300   0x00000054   Code   RO           16    i.initGPIOD         main.o
    0x00001354   0x00001354   0x0000001c   Code   RO           17    i.initGPIOE         main.o
    0x00001370   0x00001370   0x00000054   Code   RO           18    i.initGPIOF         main.o
    0x000013c4   0x000013c4   0x00000008   Code   RO           19    i.initServoMotor    main.o
    0x000013cc   0x000013cc   0x00000034   Code   RO           20    i.main              main.o
    0x00001400   0x00001400   0x00000010   Code   RO           21    i.openGripper       main.o
    0x00001410   0x00001410   0x00000010   Code   RO           22    i.startAssemblyConveyer  main.o
    0x00001420   0x00001420   0x00000010   Code   RO           23    i.startDisassemblyConveyer  main.o
    0x00001430   0x00001430   0x0000000a   Code   RO           24    i.startShortTimer   main.o
    0x0000143a   0x0000143a   0x0000000a   Code   RO           25    i.startTallTimer    main.o
    0x00001444   0x00001444   0x00000094   Code   RO           26    i.stepDown          main.o
    0x000014d8   0x000014d8   0x00000094   Code   RO           27    i.stepLeft          main.o
    0x0000156c   0x0000156c   0x00000094   Code   RO           28    i.stepRight         main.o
    0x00001600   0x00001600   0x00000094   Code   RO           29    i.stepUp            main.o
    0x00001694   0x00001694   0x00000010   Code   RO           30    i.stopAssemblyConveyer  main.o
    0x000016a4   0x000016a4   0x00000010   Code   RO           31    i.stopDisssemblyConveyer  main.o
    0x000016b4   0x000016b4   0x00000028   Code   RO           32    i.stopHorStepper    main.o
    0x000016dc   0x000016dc   0x00000024   Code   RO           33    i.stopVerStepper    main.o
    0x00001700   0x00001700   0x00000054   Code   RO           34    i.storing           main.o
    0x00001754   0x00001754   0x00000064   Code   RO           35    i.storingShort      main.o
    0x000017b8   0x000017b8   0x00000060   Code   RO           36    i.storingTall       main.o
    0x00001818   0x00001818   0x00000018   Code   RO         1688    x$fpl$dcmpinf       fz_wm.l(dcmpi.o)
    0x00001830   0x00001830   0x000002b0   Code   RO         1674    x$fpl$ddiv          fz_wm.l(ddiv.o)
    0x00001ae0   0x00001ae0   0x0000002e   Code   RO         1678    x$fpl$dflt          fz_wm.l(dflt_clz.o)
    0x00001b0e   0x00001b0e   0x00000002   PAD
    0x00001b10   0x00001b10   0x00000078   Code   RO         1683    x$fpl$dleqf         fz_wm.l(dleqf.o)
    0x00001b88   0x00001b88   0x00000154   Code   RO         1685    x$fpl$dmul          fz_wm.l(dmul.o)
    0x00001cdc   0x00001cdc   0x0000009c   Code   RO         1690    x$fpl$dnaninf       fz_wm.l(dnaninf.o)
    0x00001d78   0x00001d78   0x0000000c   Code   RO         1692    x$fpl$dretinf       fz_wm.l(dretinf.o)
    0x00001d84   0x00001d84   0x0000000a   Code   RO         1779    x$fpl$fpinit        fz_wm.l(fpinit.o)
    0x00001d8e   0x00001d8e   0x00000000   Code   RO         1694    x$fpl$usenofp       fz_wm.l(usenofp.o)
    0x00001d8e   0x00001d8e   0x00000002   PAD
    0x00001d90   0x00001d90   0x0000010c   Data   RO          735    .constdata          driverlib.lib(interrupt.o)
    0x00001e9c   0x00001e9c   0x00000254   Data   RO         1123    .constdata          driverlib.lib(sysctl.o)
    0x000020f0   0x000020f0   0x000000a0   Data   RO         1453    .constdata          driverlib.lib(timer.o)
    0x00002190   0x00002190   0x00000020   Data   RO         1849    Region$$Table       anon$$obj.o


    Execution Region ER_RW (Exec base: 0x20000000, Load base: 0x000021b0, Size: 0x0000066c, Max: 0xffffffff, ABSOLUTE, COMPRESSED[0x00000010])

    Exec Addr    Load Addr    Size         Type   Attr      Idx    E Section Name        Object

    0x20000000   COMPRESSED   0x0000000c   Data   RW           37    .data               main.o
    0x2000000c   COMPRESSED   0x000003f4   PAD
    0x20000400   COMPRESSED   0x0000026c   Data   RW          736    vtable              driverlib.lib(interrupt.o)


    Execution Region ER_ZI (Exec base: 0x2000066c, Load base: 0x000021c0, Size: 0x00000264, Max: 0xffffffff, ABSOLUTE)

    Exec Addr    Load Addr    Size         Type   Attr      Idx    E Section Name        Object

    0x2000066c        -       0x00000060   Zero   RW         1721    .bss                c_w.l(libspace.o)
    0x200006cc   0x000021c0   0x00000004   PAD
    0x200006d0        -       0x00000000   Zero   RW          311    HEAP                startup_tm4c123.o
    0x200006d0        -       0x00000200   Zero   RW          310    STACK               startup_tm4c123.o


==============================================================================

Image component sizes


      Code (inc. data)   RO Data    RW Data    ZI Data      Debug   Object Name

      2968        470          0         12          0      25131   main.o
       276         24        620          0        512       5480   startup_tm4c123.o
       152         40          0          0          0        597   system_tm4c123.o

    ----------------------------------------------------------------------
      3396        534        652       1024        512      31208   Object Totals
         0          0         32          0          0          0   (incl. Generated)
         0          0          0       1012          0          0   (incl. Padding)

    ----------------------------------------------------------------------

      Code (inc. data)   RO Data    RW Data    ZI Data      Debug   Library Member Name

        58          0          0          0          0          0   __dczerorl.o
         8          0          0          0          0         68   __main.o
         0          0          0          0          0          0   __rtentry.o
        12          0          0          0          0          0   __rtentry2.o
         6          0          0          0          0          0   __rtentry4.o
        52          8          0          0          0          0   __scatter.o
        28          0          0          0          0          0   __scatter_zi.o
        18          0          0          0          0         80   exit.o
         6          0          0          0          0        152   heapauxi.o
         0          0          0          0          0          0   indicate_semi.o
         2          0          0          0          0          0   libinit.o
         6          0          0          0          0          0   libinit2.o
         2          0          0          0          0          0   libshutdown.o
         2          0          0          0          0          0   libshutdown2.o
         8          4          0          0         96         68   libspace.o
         2          0          0          0          0          0   rtexit.o
        10          0          0          0          0          0   rtexit2.o
        12          4          0          0          0         68   sys_exit.o
        74          0          0          0          0         80   sys_stackheap_outer.o
         2          0          0          0          0         68   use_no_semi.o
        38          0          0          0          0        572   cpu.o
       582         14          0          0          0       8915   gpio.o
       206         20        268        620          0       3197   interrupt.o
        56          0          0          0          0       1064   pwm.o
       674         58        596          0          0       4395   sysctl.o
       270         24        160          0          0       5370   timer.o
        24          0          0          0          0        116   dcmpi.o
       688        140          0          0          0        256   ddiv.o
        46          0          0          0          0        116   dflt_clz.o
       120          4          0          0          0        140   dleqf.o
       340         12          0          0          0        152   dmul.o
       156          4          0          0          0        140   dnaninf.o
        12          0          0          0          0        116   dretinf.o
        10          0          0          0          0        116   fpinit.o
         0          0          0          0          0          0   usenofp.o

    ----------------------------------------------------------------------
      3552        292       1024        620        100      25249   Library Totals
        22          0          0          0          4          0   (incl. Padding)

    ----------------------------------------------------------------------

      Code (inc. data)   RO Data    RW Data    ZI Data      Debug   Library Name

       308         16          0          0         96        584   c_w.l
      1826        116       1024        620          0      23513   driverlib.lib
      1396        160          0          0          0       1152   fz_wm.l

    ----------------------------------------------------------------------
      3552        292       1024        620        100      25249   Library Totals

    ----------------------------------------------------------------------

==============================================================================


      Code (inc. data)   RO Data    RW Data    ZI Data      Debug   

      6948        826       1676       1644        612      49801   Grand Totals
      6948        826       1676         16        612      49801   ELF Image Totals (compressed)
      6948        826       1676         16          0          0   ROM Totals

==============================================================================

    Total RO  Size (Code + RO Data)                 8624 (   8.42kB)
    Total RW  Size (RW Data + ZI Data)              2256 (   2.20kB)
    Total ROM Size (Code + RO Data + RW Data)       8640 (   8.44kB)

==============================================================================

